



NuttShell (NSH)
nsh> [K
nsh> [Kstep_counet[K[Ktee[Kr
[19] -230, 163, 928
Step count: 0
[40] -215, 168, 946
Step count: 0
[61] -242, 188, 962
Step count: 0
[81] -267, 174, 955
Step count: 0
[102] -248, 162, 985
Step count: 0
[122] -284, 174, 984
Step count: 0
[143] -288, 190, 956
Step count: 0
[163] -269, 191, 948
Step count: 0
[184] -265, 174, 949
Step count: 0
[204] -258, 165, 957
Step count: 0
[225] -323, 120, 885
Step count: 0
[245] -398, 150, 871
Step count: 0
[266] -306, -18, 918
Step count: 0
[286] -136, 92, 1011
Step count: 0
[307] -439, 263, 886
Step count: 0
[327] -300, 94, 942
Step count: 0
[348] -432, 146, 941
Step count: 0
[368] -592, 170, 840
Step count: 0
[389] -338, 69, 827
Step count: 0
[409] -194, 207, 968
Step count: 0
[430] -560, 252, 967
Step count: 0
[450] -590, 187, 725
Step count: 0
[470] -314, 57, 857
Step count: 0
[491] -405, 51, 887
Step count: 0
[512] -506, 82, 888
Step count: 0
[532] -467, 81, 866
Step count: 0
[553] -502, 158, 880
Step count: 0
[573] -672, 223, 846
Step count: 0
[594] -778, 99, 820
Step count: 0
[614] -755, 97, 744
Step count: 0
[635] -856, 91, 663
Step count: 0
[655] -1032, -62, 491
Step count: 0
[675] -967, -80, 504
Step count: 0
[696] -873, -9, 692
Step count: 0
[716] -763, 105, 843
Step count: 0
[737] -526, 190, 846
Step count: 0
[757] -305, 242, 806
Step count: 0
[778] -632, 230, 693
Step count: 0
[798] -964, 231, 614
Step count: 0
[819] -1020, 233, 434
Step count: 0
[839] -865, 205, 143
Step count: 0
[860] -951, -87, -143
Step count: 0
[880] -947, 326, -44
Step count: 0
[901] -658, 440, -147
Step count: 0
[921] -621, 162, -102
Step count: 0
[942] -967, 183, -320
Step count: 0
[962] -1056, 255, -354
Step count: 0
[983] -697, 263, -84
Step count: 0
[1003] -395, 230, 29
Step count: 0
[1024] -365, 202, -118
Step count: 0
[1044] -499, 125, -211
Step count: 0
[1065] -587, 36, -204
Step count: 0
[1085] -1032, -224, -230
Step count: 0
[1106] -1038, -171, -258
Step count: 0
[1126] -712, -81, -148
Step count: 0
[1147] -510, -166, -192
Step count: 0
[1167] -745, -406, -157
Step count: 0
[1188] -1076, -592, -130
Step count: 0
[1208] -1139, -602, -206
Step count: 0
[1228] -980, -497, -315
Step count: 0
[1249] -877, -488, -316
Step count: 0
[1269] -948, -575, -290
Step count: 0
[1290] -985, -575, -247
Step count: 0
[1310] -885, -536, -260
Step count: 0
[1331] -790, -544, -300
Step count: 0
[1351] -736, -606, -305
Step count: 0
[1372] -647, -688, -218
Step count: 0
[1392] -580, -814, -162
Step count: 0
[1413] -601, -932, -191
Step count: 0
[1433] -577, -985, -237
Step count: 0
[1454] -255, -1504, -131
Step count: 0
[1474] -1041, -1330, 141
Step count: 0
[1495] -1073, -1075, -43
Step count: 0
[1515] -509, -846, 8
Step count: 0
[1536] -663, -937, 80
Step count: 0
[1556] -757, -886, 49
Step count: 0
[1577] -737, -843, 22
Step count: 0
[1597] -686, -870, 10
Step count: 0
[1618] -596, -931, -2
Step count: 0
[1639] -542, -904, 10
Step count: 0
[1659] -545, -909, 15
Step count: 0
[1680] -552, -947, 4
Step count: 0
[1700] -525, -900, -6
Step count: 0
[1721] -494, -837, -6
Step count: 0
[1741] -501, -802, -17
Step count: 0
[1762] -542, -745, -43
Step count: 0
[1782] -526, -745, -58
Step count: 0
[1803] -336, -794, -44
Step count: 0
[1824] -375, -692, -126
Step count: 0
[1844] -478, -691, -108
Step count: 0
[1865] -389, -744, -93
Step count: 0
[1885] -342, -778, -114
Step count: 0
[1906] -360, -796, -106
Step count: 0
[1926] -363, -808, -94
Step count: 0
[1947] -363, -818, -114
Step count: 0
[1967] -418, -828, -114
Step count: 0
[1988] -429, -861, -114
Step count: 0
[2009] -441, -901, -132
Step count: 0
[2029] -421, -904, -149
Step count: 0
[2050] -382, -907, -126
Step count: 0
[2070] -376, -965, -107
Step count: 0
[2091] -462, -1198, -141
Step count: 0
[2111] -562, -1300, -206
Step count: 0
[2132] -546, -1073, -256
Step count: 0
[2153] -488, -822, -277
Step count: 0
[2173] -472, -724, -285
Step count: 0
[2194] -487, -696, -307
Step count: 0
[2214] -526, -763, -322
Step count: 0
[2235] -434, -861, -273
Step count: 0
[2256] -366, -849, -224
Step count: 0
[2276] -377, -963, -202
Step count: 0
[2297] -349, -1046, -204
Step count: 0
[2318] -319, -1066, -213
Step count: 0
[2338] -298, -1079, -222
Step count: 0
[2359] -317, -1016, -247
Step count: 0
[2380] -325, -943, -267
Step count: 0
[2400] -330, -840, -276
Step count: 0
[2421] -344, -748, -266
Step count: 0
[2442] -363, -718, -255
Step count: 0
[2462] -360, -720, -248
Step count: 0
[2483] -333, -705, -246
Step count: 0
[2504] -318, -695, -245
Step count: 0
[2524] -319, -710, -250
Step count: 0
[2545] -319, -703, -268
Step count: 0
[2566] -372, -730, -288
Step count: 0
[2586] -426, -757, -285
Step count: 0
[2607] -435, -787, -280
Step count: 0
[2628] -435, -829, -283
Step count: 0
[2648] -463, -873, -299
Step count: 0
[2669] -486, -899, -311
Step count: 0
[2690] -493, -903, -302
Step count: 0
[2710] -506, -893, -282
Step count: 0
[2731] -513, -872, -266
Step count: 0
[2752] -509, -908, -251
Step count: 0
[2772] -546, -1048, -288
Step count: 0
[2793] -596, -1100, -325
Step count: 0
[2814] -561, -1038, -300
Step count: 0
[2834] -503, -965, -246
Step count: 0
[2855] -463, -889, -197
Step count: 0
[2876] -433, -843, -185
Step count: 0
[2896] -399, -799, -190
Step count: 0
[2917] -390, -801, -179
Step count: 0
[2938] -400, -859, -153
Step count: 0
[2958] -400, -921, -142
Step count: 0
[2979] -405, -961, -156
Step count: 0
[3000] -401, -979, -158
Step count: 0
[3020] -388, -979, -152
Step count: 0
[3041] -343, -946, -134
Step count: 0
[3062] -299, -914, -116
Step count: 0
[3082] -281, -896, -118
Step count: 0
[3103] -282, -868, -137
Step count: 0
[3124] -277, -843, -149
Step count: 0
[3144] -286, -792, -151
Step count: 0
[3165] -292, -770, -143
Step count: 0
[3186] -304, -785, -138
Step count: 0
[3206] -331, -773, -147
Step count: 0
[3227] -350, -782, -151
Step count: 0
[3248] -351, -806, -146
Step count: 0
[3268] -349, -809, -150
Step count: 0
[3289] -346, -789, -167
Step count: 0
[3310] -345, -790, -182
Step count: 0
[3330] -358, -847, -182
Step count: 0
[3351] -364, -926, -187
Step count: 0
[3372] -360, -979, -195
Step count: 0
[3392] -361, -972, -200
Step count: 0
[3413] -372, -939, -192
Step count: 0
[3434] -431, -1100, -187
Step count: 0
[3454] -510, -1289, -211
Step count: 0
[3475] -500, -1187, -235
Step count: 0
[3496] -485, -951, -261
Step count: 0
[3516] -489, -811, -263
Step count: 0
[3537] -471, -768, -271
Step count: 0
[3558] -433, -770, -281
Step count: 0
[3578] -394, -802, -246
Step count: 0
[3599] -387, -861, -196
Step count: 0
[3620] -389, -966, -171
Step count: 0
[3640] -374, -1058, -184
Step count: 0
[3661] -348, -1076, -199
Step count: 0
[3681] -342, -1025, -204
Step count: 0
[3702] -356, -986, -194
Step count: 0
[3723] -371, -914, -201
Step count: 0
[3743] -374, -882, -206
Step count: 0
[3764] -385, -835, -206
Step count: 0
[3785] -400, -755, -196
Step count: 0
[3805] -362, -725, -201
Step count: 0
[3826] -342, -723, -208
Step count: 0
[3847] -330, -734, -202
Step count: 0
[3867] -326, -728, -201
Step count: 0
[3888] -326, -724, -204
Step count: 0
[3909] -326, -729, -206
Step count: 0
[3929] -332, -754, -219
Step count: 0
[3950] -364, -778, -251
Step count: 0
[3971] -395, -795, -240
Step count: 0
[3991] -426, -832, -217
Step count: 0
[4012] -479, -830, -203
Step count: 0
[4033] -546, -822, -209
Step count: 0
[4053] -617, -987, -169
Step count: 0
[4074] -653, -1002, -142
Step count: 0
[4095] -652, -809, -148
Step count: 0
[4115] -648, -815, -134
Step count: 0
[4136] -662, -954, -138
Step count: 0
[4157] -658, -1055, -147
Step count: 0
[4177] -602, -1135, -123
Step count: 0
[4198] -523, -1044, -87
Step count: 0
[4219] -456, -935, -60
Step count: 0
[4239] -379, -834, -86
Step count: 0
[4260] -335, -724, -129
Step count: 0
[4281] -359, -716, -111
Step count: 0
[4301] -409, -860, -82
Step count: 0
[4322] -455, -996, -78
Step count: 0
[4343] -458, -1052, -85
Step count: 0
[4363] -419, -1068, -65
Step count: 0
[4384] -356, -1032, -44
Step count: 0
[4404] -319, -999, -58
Step count: 0
[4425] -276, -986, -63
Step count: 0
[4446] -247, -876, -82
Step count: 0
[4466] -275, -824, -92
Step count: 0
[4487] -293, -822, -89
Step count: 0
[4508] -289, -843, -89
Step count: 0
[4528] -322, -817, -90
Step count: 0
[4549] -360, -793, -98
Step count: 0
[4570] -330, -811, -118
Step count: 0
[4590] -289, -843, -130
Step count: 0
[4611] -294, -778, -141
Step count: 0
[4632] -312, -745, -138
Step count: 0
[4652] -311, -774, -135
Step count: 0
[4673] -328, -830, -133
Step count: 0
[4693] -354, -904, -118
Step count: 0
[4714] -396, -937, -109
Step count: 0
[4735] -428, -1015, -112
Step count: 1
[4756] -449, -1021, -120
Step count: 1
[4776] -438, -953, -130
Step count: 1
[4797] -443, -953, -113
Step count: 1
[4818] -496, -1162, -87
Step count: 1
[4838] -547, -1257, -90
Step count: 1
[4859] -520, -1059, -112
Step count: 1
[4880] -466, -833, -140
Step count: 1
[4900] -453, -785, -156
Step count: 1
[4921] -451, -775, -155
Step count: 1
[4941] -423, -785, -129
Step count: 1
[4962] -417, -854, -97
Step count: 1
[4983] -433, -967, -86
Step count: 1
[5003] -423, -1041, -105
Step count: 1
[5024] -394, -1052, -125
Step count: 1
[5045] -382, -968, -151
Step count: 1
[5065] -401, -850, -163
Step count: 1
[5086] -411, -827, -174
Step count: 1
[5107] -384, -808, -188
Step count: 1
[5127] -342, -777, -194
Step count: 1
[5148] -337, -743, -187
Step count: 1
[5169] -337, -743, -192
Step count: 1
[5189] -321, -756, -205
Step count: 1
[5210] -330, -775, -214
Step count: 1
[5231] -353, -794, -210
Step count: 1
[5251] -355, -792, -206
Step count: 1
[5272] -372, -807, -204
Step count: 1
[5293] -395, -828, -214
Step count: 1
[5313] -411, -833, -221
Step count: 1
[5334] -427, -866, -221
Step count: 1
[5355] -442, -899, -222
Step count: 1
[5375] -460, -929, -224
Step count: 1
[5396] -471, -953, -227
Step count: 1
[5417] -460, -935, -216
Step count: 1
[5437] -434, -906, -188
Step count: 1
[5458] -457, -977, -150
Step count: 1
[5479] -523, -1137, -163
Step count: 2
[5499] -539, -1195, -195
Step count: 2
[5520] -521, -1094, -198
Step count: 2
[5541] -511, -950, -146
Step count: 2
[5561] -470, -832, -124
Step count: 2
[5582] -423, -722, -146
Step count: 2
[5603] -461, -740, -129
Step count: 2
[5623] -501, -884, -105
Step count: 2
[5644] -478, -929, -104
Step count: 2
[5665] -474, -965, -93
Step count: 2
[5685] -445, -916, -87
Step count: 2
[5706] -393, -871, -90
Step count: 2
[5727] -382, -854, -83
Step count: 2
[5747] -385, -864, -81
Step count: 2
[5768] -386, -839, -84
Step count: 2
[5788] -366, -806, -90
Step count: 2
[5809] -340, -812, -95
Step count: 2
[5830] -343, -788, -95
Step count: 2
[5850] -338, -775, -98
Step count: 2
[5871] -305, -827, -109
Step count: 2
[5892] -310, -802, -119
Step count: 2
[5912] -359, -800, -122
Step count: 2
[5933] -327, -806, -124
Step count: 2
[5954] -293, -776, -135
Step count: 2
[5974] -312, -767, -131
Step count: 2
[5995] -333, -797, -119
Step count: 2
[6016] -329, -909, -109
Step count: 2
[6036] -340, -974, -118
Step count: 2
[6057] -392, -943, -133
Step count: 2
[6078] -401, -979, -119
Step count: 2
[6098] -389, -1072, -93
Step count: 2
[6119] -455, -1211, -113
Step count: 3
[6140] -478, -1207, -153
Step count: 3
[6160] -435, -973, -168
Step count: 3
[6181] -427, -840, -161
Step count: 3
[6202] -426, -862, -181
Step count: 3
[6222] -423, -869, -200
Step count: 3
[6243] -410, -840, -176
Step count: 3
[6264] -415, -837, -125
Step count: 3
[6284] -428, -892, -98
Step count: 3
[6305] -423, -966, -101
Step count: 3
[6326] -403, -994, -107
Step count: 3
[6346] -415, -932, -100
Step count: 3
[6367] -421, -906, -107
Step count: 3
[6387] -415, -898, -126
Step count: 3
[6408] -417, -858, -144
Step count: 3
[6429] -417, -824, -149
Step count: 3
[6449] -389, -791, -145
Step count: 3
[6470] -367, -762, -153
Step count: 3
[6491] -366, -777, -166
Step count: 3
[6511] -355, -789, -172
Step count: 3
[6532] -346, -783, -175
Step count: 3
[6553] -348, -797, -178
Step count: 3
[6573] -359, -802, -189
Step count: 3
[6594] -364, -796, -195
Step count: 3
[6615] -372, -807, -202
Step count: 3
[6635] -392, -823, -211
Step count: 3
[6656] -403, -834, -219
Step count: 3
[6677] -406, -848, -214
Step count: 3
[6697] -399, -942, -207
Step count: 3
[6718] -473, -914, -178
Step count: 3
[6739] -537, -880, -141
Step count: 3
[6759] -561, -870, -129
Step count: 3
[6780] -537, -938, -118
Step count: 3
[6801] -564, -1005, -112
Step count: 4
[6821] -638, -1099, -118
Step count: 4
[6842] -588, -1156, -71
Step count: 4
[6863] -543, -949, -58
Step count: 4
[6883] -548, -788, -39
Step count: 4
[6904] -568, -777, -30
Step count: 4
[6925] -612, -821, -55
Step count: 4
[6945] -518, -811, -56
Step count: 4
[6966] -514, -952, -4
Step count: 4
[6987] -454, -1045, 63
Step count: 4
[7007] -397, -1040, 71
Step count: 4
[7028] -518, -1114, 118
Step count: 4
[7048] -620, -1064, 87
Step count: 4
[7069] -588, -922, 36
Step count: 4
[7089] -548, -904, 64
Step count: 4
[7110] -594, -976, 78
Step count: 4
[7131] -482, -1006, 49
Step count: 4
[7151] -524, -977, 50
Step count: 4
[7172] -693, -987, 54
Step count: 4
[7193] -860, -872, 45
Step count: 4
[7213] -943, -802, 22
Step count: 4
[7234] -901, -803, 32
Step count: 4
[7255] -836, -676, -60
Step count: 4
[7275] -821, -561, -37
Step count: 4
[7296] -787, -456, -53
Step count: 4
[7317] -869, -341, 18
Step count: 4
[7337] -990, -354, 105
Step count: 4
[7358] -1102, -440, 167
Step count: 4
[7379] -1188, -218, 283
Step count: 4
[7399] -1170, -187, 243
Step count: 4
[7420] -1114, -145, 125
Step count: 4
[7441] -1072, 12, 108
Step count: 4
[7461] -1019, 72, 135
Step count: 4
[7482] -913, 80, 187
Step count: 4
[7502] -826, 241, 225
Step count: 5
[7523] -931, 395, 233
Step count: 5
[7543] -1072, 364, 30
Step count: 5
[7564] -830, 250, -64
Step count: 5
[7585] -493, 246, -14
Step count: 5
[7605] -154, 194, -142
Step count: 5
[7626] -437, 763, -218
Step count: 5
[7647] -402, 291, -433
Step count: 5
[7667] -76, 62, -578
Step count: 5
[7688] -242, 21, -700
Step count: 5
[7708] -595, 94, -1076
Step count: 5
[7729] -197, 217, -1121
Step count: 5
[7749] 192, 246, -842
Step count: 5
[7770] -139, 404, -751
Step count: 5
[7791] -403, 536, -788
Step count: 5
[7811] -347, 463, -748
Step count: 5
[7832] -157, 452, -673
Step count: 5
[7853] -92, 489, -705
Step count: 5
[7873] -211, 530, -803
Step count: 5
[7894] -263, 507, -843
Step count: 5
[7915] -163, 523, -745
Step count: 5
[7935] -108, 467, -716
Step count: 5
[7956] -63, 540, -850
Step count: 5
[7977] -54, 585, -825
Step count: 5
[7997] -152, 532, -731
Step count: 5
[8018] -284, 547, -802
Step count: 5
[8039] -450, 544, -1059
Step count: 5
[8059] -385, 583, -946
Step count: 5
[8080] -152, 499, -745
Step count: 5
[8101] -115, 412, -677
Step count: 5
[8121] -364, 532, -822
Step count: 6
[8142] -329, 679, -856
Step count: 6
[8163] -126, 603, -641
Step count: 6
[8183] -144, 397, -587
Step count: 6
[8204] -247, 846, -598
Step count: 6
[8225] -457, 593, -741
Step count: 6
[8245] -172, 560, -826
Step count: 6
[8266] -276, 534, -720
Step count: 6
[8287] -426, 487, -846
Step count: 6
[8307] -433, 511, -1061
Step count: 6
[8328] -230, 541, -919
Step count: 6
[8349] -195, 536, -657
Step count: 6
[8369] -153, 516, -675
Step count: 6
[8390] -118, 556, -860
Step count: 6
[8411] -169, 574, -830
Step count: 6
[8431] -139, 548, -757
Step count: 6
[8452] -73, 512, -789
Step count: 6
[8473] -147, 537, -805
Step count: 6
[8493] -232, 589, -854
Step count: 6
[8514] -222, 607, -815
Step count: 6
[8535] -163, 541, -753
Step count: 6
[8555] -110, 484, -737
Step count: 6
[8576] -203, 490, -825
Step count: 6
[8597] -223, 587, -866
Step count: 6
[8617] -202, 550, -797
Step count: 6
[8638] -130, 507, -763
Step count: 6
[8659] -115, 481, -789
Step count: 6
[8679] -157, 494, -804
Step count: 6
[8700] -226, 520, -858
Step count: 6
[8721] -251, 544, -772
Step count: 6
[8741] -129, 561, -714
Step count: 6
