[0] -305, 146, 893
[20] -366, 136, 880
Step count: 0
[41] -369, 126, 898
Step count: 0
[61] -372, 136, 927
Step count: 0
[81] -415, 157, 965
Step count: 0
[102] -451, 184, 932
Step count: 0
[122] -383, 173, 941
Step count: 0
[143] -412, 140, 940
Step count: 0
[163] -565, 140, 827
Step count: 0
[184] -424, 146, 803
Step count: 0
[204] -370, 123, 825
Step count: 0
[224] -423, 101, 804
Step count: 0
[245] -475, 109, 787
Step count: 0
[265] -588, 119, 797
Step count: 0
[286] -684, 133, 759
Step count: 0
[306] -672, 64, 853
Step count: 0
[327] -463, 3, 1019
Step count: 0
[347] -406, 100, 858
Step count: 0
[367] -792, 129, 706
Step count: 0
[388] -1122, 95, 543
Step count: 0
[408] -1079, 75, 555
Step count: 0
[429] -736, 204, 728
Step count: 0
[449] -331, 209, 823
Step count: 0
[470] -277, 123, 664
Step count: 0
[490] -583, 53, 632
Step count: 0
[511] -930, -3, 338
Step count: 0
[531] -816, -11, 213
Step count: 0
[552] -651, -166, 358
Step count: 0
[572] -871, -234, 582
Step count: 0
[593] -692, -144, 552
Step count: 0
[613] -692, -90, 388
Step count: 0
[634] -756, -75, 303
Step count: 0
[654] -787, -83, 376
Step count: 0
[674] -856, -137, 387
Step count: 0
[695] -943, -168, 355
Step count: 0
[715] -956, -159, 303
Step count: 0
[736] -906, -187, 189
Step count: 0
[756] -819, -255, 78
Step count: 0
[777] -751, -351, 23
Step count: 0
[797] -799, -440, -6
Step count: 0
[818] -817, -485, -87
Step count: 0
[838] -790, -532, -176
Step count: 0
[859] -728, -582, -243
Step count: 0
[879] -612, -626, -238
Step count: 0
[900] -487, -704, -215
Step count: 0
[920] -385, -507, -217
Step count: 0
[941] -297, -420, -170
Step count: 0
[961] -309, -661, -119
Step count: 0
[982] -386, -864, -113
Step count: 0
[1002] -487, -918, -140
Step count: 0
[1023] -536, -1089, -187
Step count: 0
[1043] -532, -1235, -184
Step count: 0
[1064] -548, -1244, -145
Step count: 0
[1084] -628, -1161, -131
Step count: 0
[1105] -675, -1116, -113
Step count: 0
[1125] -649, -1162, -78
Step count: 0
[1146] -611, -1114, -59
Step count: 0
[1166] -556, -1123, 6
Step count: 0
[1187] -516, -1080, 34
Step count: 0
[1207] -516, -1027, -7
Step count: 0
[1228] -501, -987, -1
Step count: 0
[1248] -489, -1028, 53
Step count: 0
[1269] -529, -1114, 39
Step count: 0
[1289] -577, -1146, -79
Step count: 0
[1310] -505, -998, -135
Step count: 0
[1330] -364, -810, -34
Step count: 0
[1351] -299, -723, 32
Step count: 0
[1371] -315, -768, 49
Step count: 0
[1392] -368, -882, 48
Step count: 0
[1412] -431, -1011, 70
Step count: 0
[1433] -388, -1055, 69
Step count: 0
[1453] -395, -951, 61
Step count: 0
[1474] -404, -876, 63
Step count: 0
[1494] -392, -843, 61
Step count: 0
[1515] -364, -799, 38
Step count: 0
[1535] -340, -770, 34
Step count: 0
[1556] -315, -754, 45
Step count: 0
[1576] -311, -734, 54
Step count: 0
[1597] -329, -728, 63
Step count: 0
[1617] -346, -719, 67
Step count: 0
[1638] -357, -703, 70
Step count: 0
[1659] -376, -729, 70
Step count: 0
[1679] -390, -763, 68
Step count: 0
[1700] -398, -802, 69
Step count: 0
[1720] -407, -856, 77
Step count: 0
[1741] -403, -924, 98
Step count: 0
[1761] -404, -969, 114
Step count: 0
[1782] -459, -1005, 119
Step count: 0
[1803] -529, -1004, 121
Step count: 0
[1823] -573, -975, 88
Step count: 0
[1844] -600, -978, 48
Step count: 0
[1864] -553, -1045, 108
Step count: 0
[1885] -526, -1289, 246
Step count: 0
[1905] -611, -1439, 227
Step count: 0
[1926] -628, -1134, 91
Step count: 0
[1946] -558, -774, -75
Step count: 0
[1966] -523, -643, -130
Step count: 0
[1987] -488, -679, -82
Step count: 0
[2008] -457, -809, 32
Step count: 0
[2028] -446, -957, 139
Step count: 0
[2049] -399, -1058, 187
Step count: 0
[2069] -313, -1053, 186
Step count: 0
[2090] -311, -966, 134
Step count: 0
[2110] -342, -912, 87
Step count: 0
[2131] -361, -822, 48
Step count: 0
[2151] -371, -764, 35
Step count: 0
[2172] -374, -768, 26
Step count: 0
[2192] -334, -736, 33
Step count: 0
[2213] -325, -739, 33
Step count: 0
[2234] -331, -754, 30
Step count: 0
[2254] -333, -762, 28
Step count: 0
[2275] -323, -762, 29
Step count: 0
[2296] -310, -770, 22
Step count: 0
[2316] -316, -775, 24
Step count: 0
[2337] -402, -778, 28
Step count: 0
[2357] -504, -761, 19
Step count: 0
[2378] -560, -739, 2
Step count: 0
[2399] -615, -752, 6
Step count: 0
[2419] -655, -802, 22
Step count: 0
[2440] -650, -858, 25
Step count: 0
[2461] -619, -893, 13
Step count: 0
[2481] -532, -879, 61
Step count: 0
[2502] -588, -1077, 174
Step count: 0
[2523] -674, -1264, 185
Step count: 0
[2544] -769, -1249, 115
Step count: 0
[2564] -776, -1009, 53
Step count: 0
[2585] -683, -862, 66
Step count: 0
[2606] -571, -854, 117
Step count: 0
[2626] -548, -916, 107
Step count: 0
[2647] -498, -938, 86
Step count: 0
[2668] -451, -968, 71
Step count: 0
[2689] -367, -943, 75
Step count: 0
[2710] -292, -887, 63
Step count: 0
[2730] -277, -823, 39
Step count: 0
[2751] -278, -763, 27
Step count: 0
[2772] -287, -729, 51
Step count: 0
[2792] -353, -744, 69
Step count: 0
[2813] -384, -742, 70
Step count: 0
[2833] -386, -717, 75
Step count: 0
[2854] -386, -710, 78
Step count: 0
[2875] -391, -695, 51
Step count: 0
[2896] -395, -695, 40
Step count: 0
[2916] -399, -718, 57
Step count: 0
[2937] -404, -732, 82
Step count: 0
[2958] -422, -761, 104
Step count: 0
[2979] -497, -804, 119
Step count: 0
[2999] -562, -834, 128
Step count: 0
[3020] -605, -864, 132
Step count: 0
[3041] -636, -847, 113
Step count: 0
[3062] -562, -795, 98
Step count: 0
[3082] -557, -763, 78
Step count: 0
[3103] -612, -935, 212
Step count: 1
[3124] -741, -1304, 410
Step count: 1
[3145] -943, -1394, 454
Step count: 1
[3165] -955, -1052, 275
Step count: 1
[3186] -833, -559, -45
Step count: 1
[3207] -680, -512, -94
Step count: 1
[3228] -607, -819, -42
Step count: 1
[3248] -572, -1046, 61
Step count: 1
[3269] -473, -1229, 201
Step count: 1
[3290] -316, -1314, 240
Step count: 1
[3311] -192, -1246, 204
Step count: 1
[3331] -122, -1081, 105
Step count: 1
[3352] -181, -732, -29
Step count: 1
[3373] -189, -678, 19
Step count: 1
[3394] -258, -645, 29
Step count: 1
[3414] -341, -672, 22
Step count: 1
[3435] -324, -705, 25
Step count: 1
[3455] -323, -717, 22
Step count: 1
[3476] -449, -770, 21
Step count: 1
[3496] -591, -825, 68
Step count: 1
[3517] -669, -794, 106
Step count: 1
[3537] -724, -720, 111
Step count: 1
[3558] -708, -680, 111
Step count: 1
[3579] -661, -672, 99
Step count: 1
[3599] -616, -708, 102
Step count: 1
[3620] -602, -776, 124
Step count: 1
[3641] -618, -841, 157
Step count: 1
[3662] -618, -886, 185
Step count: 1
[3682] -612, -875, 182
Step count: 1
[3703] -619, -854, 185
Step count: 2
[3724] -590, -918, 238
Step count: 2
[3745] -604, -1121, 254
Step count: 2
[3765] -690, -1251, 196
Step count: 2
[3786] -663, -1143, 132
Step count: 2
[3807] -558, -886, 104
Step count: 2
[3828] -425, -735, 132
Step count: 2
[3848] -370, -751, 143
Step count: 2
[3869] -415, -897, 129
Step count: 2
[3890] -421, -975, 126
Step count: 2
[3911] -373, -1028, 140
Step count: 2
[3931] -316, -980, 124
Step count: 2
[3952] -323, -870, 66
Step count: 2
[3972] -347, -751, 6
Step count: 2
[3993] -359, -730, 19
Step count: 2
[4013] -344, -711, 35
Step count: 2
[4034] -332, -721, 48
Step count: 2
[4054] -339, -748, 40
Step count: 2
[4075] -362, -779, 35
Step count: 2
[4095] -371, -805, 34
Step count: 2
[4116] -376, -814, 31
Step count: 2
[4137] -367, -800, 20
Step count: 2
[4157] -372, -804, 33
Step count: 2
[4178] -410, -802, 21
Step count: 2
[4199] -462, -755, -10
Step count: 2
[4219] -534, -765, 11
Step count: 3
[4240] -628, -793, 66
Step count: 3
[4261] -689, -891, 144
Step count: 3
[4282] -710, -916, 182
Step count: 3
[4302] -733, -918, 147
Step count: 3
[4323] -688, -904, 111
Step count: 3
[4344] -600, -967, 171
Step count: 3
[4365] -607, -1291, 313
Step count: 3
[4385] -636, -1411, 319
Step count: 3
[4406] -583, -1117, 204
Step count: 3
[4427] -492, -739, 22
Step count: 3
[4448] -368, -547, -67
Step count: 4
[4468] -249, -633, -17
Step count: 4
[4489] -184, -830, 105
Step count: 4
[4510] -221, -967, 215
Step count: 4
[4531] -290, -1081, 248
Step count: 4
[4552] -326, -1068, 197
Step count: 4
[4572] -414, -883, 20
Step count: 4
[4593] -407, -800, -4
Step count: 4
[4614] -429, -777, 20
Step count: 4
[4635] -461, -773, 25
Step count: 4
[4655] -455, -715, -2
Step count: 4
[4676] -423, -718, 0
Step count: 4
[4697] -421, -626, -5
Step count: 4
[4717] -540, -746, 25
Step count: 4
[4738] -474, -750, 60
Step count: 4
[4759] -473, -761, 83
Step count: 4
[4780] -549, -747, 74
Step count: 4
[4800] -565, -714, 54
Step count: 4
[4821] -526, -744, 55
Step count: 4
[4842] -501, -771, 55
Step count: 4
[4862] -500, -789, 61
Step count: 4
[4883] -509, -852, 84
Step count: 4
[4904] -544, -895, 87
Step count: 4
[4925] -560, -898, 97
Step count: 4
[4945] -548, -894, 110
Step count: 4
[4966] -541, -847, 97
Step count: 4
[4987] -550, -899, 109
Step count: 5
[5008] -585, -1088, 164
Step count: 5
[5028] -651, -1279, 187
Step count: 5
[5049] -631, -1231, 127
Step count: 5
[5070] -616, -944, 39
Step count: 5
[5091] -515, -725, 68
Step count: 5
[5112] -455, -752, 120
Step count: 5
[5132] -525, -1066, 189
Step count: 5
[5153] -496, -1126, 224
Step count: 5
[5174] -414, -1045, 220
Step count: 5
[5195] -342, -906, 153
Step count: 5
[5215] -334, -809, 78
Step count: 5
[5236] -345, -760, 48
Step count: 5
[5257] -329, -719, 56
Step count: 5
[5277] -318, -677, 75
Step count: 5
[5298] -348, -674, 74
Step count: 5
[5318] -359, -693, 64
Step count: 5
[5339] -350, -700, 52
Step count: 5
[5360] -361, -729, 57
Step count: 5
[5380] -377, -787, 74
Step count: 5
[5401] -355, -805, 66
Step count: 5
[5422] -360, -802, 40
Step count: 5
[5443] -366, -827, 35
Step count: 5
[5463] -373, -833, 32
Step count: 5
[5484] -391, -858, 42
Step count: 5
[5505] -421, -891, 45
Step count: 5
[5526] -453, -931, 46
Step count: 5
[5546] -471, -944, 34
Step count: 5
[5567] -471, -913, 13
Step count: 5
[5588] -477, -956, 50
Step count: 5
[5609] -534, -1250, 186
Step count: 5
[5629] -599, -1488, 257
Step count: 5
[5650] -586, -1331, 173
Step count: 6
[5671] -523, -973, 23
Step count: 6
[5692] -468, -715, -87
Step count: 6
[5713] -422, -599, -57
Step count: 6
[5733] -469, -733, 46
Step count: 6
[5754] -490, -937, 147
Step count: 6
[5775] -461, -1074, 163
Step count: 6
[5796] -423, -1146, 127
Step count: 6
[5816] -338, -1095, 104
Step count: 6
[5837] -295, -909, 19
Step count: 6
[5858] -365, -810, -23
Step count: 6
[5879] -361, -782, -3
Step count: 6
[5899] -352, -699, -19
Step count: 6
[5920] -393, -689, -37
Step count: 6
[5940] -355, -700, -29
Step count: 6
[5961] -341, -730, -7
Step count: 6
[5981] -353, -753, -15
Step count: 6
[6002] -378, -755, -29
Step count: 6
[6023] -413, -787, -22
Step count: 6
[6043] -432, -824, 0
Step count: 6
[6064] -455, -822, 1
Step count: 6
[6084] -481, -827, -3
Step count: 6
[6105] -478, -835, -13
Step count: 6
[6126] -485, -868, -6
Step count: 6
[6147] -516, -924, 3
Step count: 6
[6167] -550, -959, 4
Step count: 6
[6188] -557, -979, 12
Step count: 6
[6209] -548, -970, 29
Step count: 6
[6230] -528, -943, 49
Step count: 6
[6250] -515, -915, 58
Step count: 6
[6271] -532, -975, 85
Step count: 6
[6292] -612, -1267, 135
Step count: 6
[6313] -582, -1180, 66
Step count: 7
[6334] -573, -897, -4
Step count: 7
[6354] -493, -702, 46
Step count: 7
[6375] -416, -691, 82
Step count: 7
[6396] -465, -773, 110
Step count: 7
[6417] -482, -973, 234
Step count: 7
[6437] -383, -1122, 305
Step count: 7
[6458] -252, -1053, 272
Step count: 7
[6479] -189, -949, 207
Step count: 7
[6500] -213, -898, 149
Step count: 7
[6520] -246, -844, 124
Step count: 7
[6541] -276, -816, 130
Step count: 7
[6561] -278, -791, 113
Step count: 7
[6582] -328, -775, 97
Step count: 7
[6602] -331, -788, 84
Step count: 7
[6623] -254, -812, 87
Step count: 7
[6643] -252, -833, 92
Step count: 7
[6664] -284, -836, 84
Step count: 7
[6685] -324, -838, 72
Step count: 7
[6705] -338, -832, 57
Step count: 7
[6726] -345, -818, 40
Step count: 7
[6747] -348, -807, 53
Step count: 7
[6768] -357, -816, 58
Step count: 7
[6788] -392, -812, 28
Step count: 7
[6809] -504, -821, 61
Step count: 7
[6830] -709, -871, 122
Step count: 7
[6851] -796, -884, 199
Step count: 7
[6871] -795, -827, 213
Step count: 7
[6892] -869, -669, 277
Step count: 7
[6913] -834, -832, 402
Step count: 7
[6934] -747, -1144, 452
Step count: 7
[6954] -730, -1204, 424
Step count: 8
[6975] -769, -1092, 363
Step count: 8
[6996] -737, -896, 277
Step count: 8
[7017] -612, -718, 239
Step count: 8
[7038] -468, -681, 291
Step count: 8
[7058] -432, -845, 390
Step count: 8
[7079] -560, -1041, 419
Step count: 8
[7100] -631, -1134, 351
Step count: 8
[7120] -634, -1070, 307
Step count: 8
[7141] -727, -911, 391
Step count: 8
[7162] -838, -714, 484
Step count: 8
[7182] -911, -606, 494
Step count: 8
[7203] -848, -479, 515
Step count: 8
[7223] -848, -392, 544
Step count: 8
[7244] -871, -317, 484
Step count: 8
[7265] -779, -287, 406
Step count: 8
[7286] -562, -234, 504
Step count: 8
[7306] -474, -263, 507
Step count: 8
[7327] -528, -194, 453
Step count: 8
[7347] -669, -117, 453
Step count: 8
[7368] -765, -45, 436
Step count: 8
[7389] -692, -30, 391
Step count: 8
[7409] -428, -113, 470
Step count: 8
[7430] -380, -186, 639
Step count: 8
[7451] -499, -107, 734
Step count: 8
[7472] -705, -23, 697
Step count: 8
[7492] -471, -33, 505
Step count: 8
[7513] -322, -66, 799
Step count: 8
[7534] -453, 18, 1018
Step count: 8
[7555] -517, 150, 987
Step count: 8
[7575] -446, 301, 664
Step count: 8
[7596] -592, 268, 571
Step count: 8
[7617] -308, 152, 1037
Step count: 8
[7637] -35, 181, 946
Step count: 9
[7658] -497, 83, 779
Step count: 9
[7679] -889, 83, 968
Step count: 9
[7700] -361, 332, 778
Step count: 9
[7721] -117, 314, 678
Step count: 9
[7741] -433, 199, 730
Step count: 9
[7762] -498, 173, 705
Step count: 9
[7783] -530, 253, 714
Step count: 9
[7803] -506, 271, 788
Step count: 9
[7824] -452, 235, 889
Step count: 9
[7844] -526, 143, 972
Step count: 9
[7865] -479, 114, 998
Step count: 9
[7885] -441, 94, 1026
Step count: 9
[7906] -430, 110, 968
Step count: 9
[7927] -373, 145, 853
Step count: 9
[7947] -397, 153, 901
Step count: 9
[7968] -386, 136, 923
Step count: 9
[7989] -397, 128, 911
Step count: 9
[8010] -490, 137, 935
Step count: 9
[8030] -532, 166, 983
Step count: 9
[8051] -493, 193, 987
Step count: 9
[8072] -481, 188, 851
Step count: 9
[8093] -435, 199, 858
Step count: 9
[8113] -459, 201, 792
Step count: 9
[8134] -448, 191, 791
Step count: 9
[8155] -417, 189, 816
Step count: 9
[8176] -395, 192, 833
Step count: 9
[8197] -368, 194, 862
Step count: 10
[8217] -385, 196, 884
Step count: 10
[8238] -424, 196, 906
Step count: 10
[8259] -450, 198, 898
Step count: 10
[8280] -470, 192, 830
Step count: 10
[8300] -469, 178, 761
Step count: 10
[8321] -440, 150, 807
Step count: 10
[8342] -461, 132, 854
Step count: 10
[8363] -453, 139, 895
Step count: 10
[8384] -449, 161, 917
Step count: 10
[8404] -431, 186, 903
Step count: 10
[8425] -448, 193, 887
Step count: 10
[8446] -451, 185, 880
Step count: 10
[8467] -442, 184, 868
Step count: 10
[8487] -437, 157, 883
Step count: 10
[8508] -439, 133, 897
Step count: 10
[8529] -428, 121, 920
Step count: 10
[8550] -419, 130, 920
Step count: 10
[8570] -420, 160, 857
Step count: 10
[8591] -397, 162, 854
Step count: 11
[8612] -443, 161, 921
Step count: 11
[8633] -435, 182, 882
Step count: 11
[8653] -404, 159, 875
Step count: 11
[8674] -401, 136, 925
Step count: 11
[8695] -417, 148, 932
Step count: 11
[8716] -427, 165, 888
Step count: 11
[8737] -396, 159, 850
Step count: 11
[8757] -398, 142, 841
Step count: 11
