
[0] -468, 165, 824
[20] -490, 171, 848
Step count: 0
[41] -522, 183, 840
Step count: 0
[61] -401, 178, 877
Step count: 0
[82] -504, 141, 887
Step count: 0
[102] -584, 177, 865
Step count: 0
[122] -510, 201, 867
Step count: 0
[143] -521, 168, 853
Step count: 0
[163] -504, 149, 859
Step count: 0
[184] -503, 158, 843
Step count: 0
[204] -532, 151, 836
Step count: 0
[225] -557, 167, 787
Step count: 0
[245] -520, 180, 819
Step count: 0
[265] -471, 170, 841
Step count: 0
[286] -508, 170, 812
Step count: 0
[306] -625, 160, 780
Step count: 0
[327] -671, 181, 781
Step count: 0
[347] -617, 211, 826
Step count: 0
[368] -654, 202, 728
Step count: 0
[388] -707, 204, 641
Step count: 0
[409] -699, 213, 690
Step count: 0
[429] -756, 207, 666
Step count: 0
[449] -915, 112, 643
Step count: 0
[470] -855, 73, 726
Step count: 0
[490] -752, 104, 800
Step count: 0
[511] -854, 133, 780
Step count: 0
[531] -878, 204, 575
Step count: 0
[552] -928, 216, 624
Step count: 0
[572] -1035, 252, 644
Step count: 0
[593] -993, 317, 522
Step count: 0
[613] -890, 320, 232
Step count: 0
[634] -809, 287, 328
Step count: 0
[654] -765, -77, 277
Step count: 0
[675] -666, -133, 61
Step count: 0
[695] -575, 433, -64
Step count: 0
[716] -770, 241, -114
Step count: 0
[736] -783, 86, -97
Step count: 0
[756] -658, 131, -91
Step count: 0
[777] -464, 127, -47
Step count: 0
[797] -312, 87, -61
Step count: 0
[818] -351, 23, -176
Step count: 0
[838] -614, -32, -193
Step count: 0
[859] -893, -24, -102
Step count: 0
[879] -925, -3, -54
Step count: 0
[900] -743, -78, -11
Step count: 0
[920] -753, -154, 97
Step count: 0
[941] -1095, -142, 227
Step count: 0
[961] -1361, -113, 206
Step count: 0
[982] -1132, -232, 124
Step count: 0
[1002] -870, -152, 44
Step count: 0
[1023] -802, -101, -44
Step count: 0
[1043] -977, -509, -207
Step count: 0
[1064] -845, -582, -266
Step count: 0
[1084] -635, -572, -284
Step count: 0
[1104] -532, -666, -255
Step count: 0
[1125] -731, -781, -259
Step count: 0
[1145] -1064, -769, -240
Step count: 0
[1166] -1006, -753, -183
Step count: 0
[1186] -715, -709, -139
Step count: 0
[1207] -495, -743, -116
Step count: 0
[1227] -387, -792, -112
Step count: 0
[1248] -345, -841, -105
Step count: 0
[1268] -372, -923, -85
Step count: 0
[1289] -472, -1036, -81
Step count: 0
[1309] -660, -1266, -101
Step count: 0
[1330] -724, -1262, -125
Step count: 0
[1350] -676, -1197, -27
Step count: 0
[1371] -702, -1264, 94
Step count: 0
[1391] -731, -1193, 108
Step count: 0
[1412] -621, -987, 48
Step count: 0
[1432] -497, -819, 23
Step count: 0
[1453] -483, -824, -13
Step count: 0
[1473] -569, -908, -31
Step count: 0
[1493] -565, -878, 10
Step count: 0
[1514] -437, -880, 87
Step count: 0
[1534] -389, -887, 61
Step count: 0
[1555] -371, -886, -6
Step count: 0
[1575] -410, -938, -43
Step count: 0
[1596] -477, -982, -49
Step count: 0
[1616] -497, -990, -42
Step count: 0
[1637] -472, -970, -46
Step count: 0
[1657] -406, -923, -70
Step count: 0
[1678] -314, -886, -68
Step count: 0
[1698] -294, -839, -39
Step count: 0
[1719] -311, -834, -22
Step count: 0
[1739] -327, -805, -15
Step count: 0
[1760] -359, -775, -2
Step count: 0
[1780] -408, -800, -3
Step count: 0
[1801] -443, -821, -15
Step count: 0
[1821] -449, -822, -27
Step count: 0
[1842] -431, -828, -43
Step count: 0
[1862] -420, -798, -41
Step count: 0
[1883] -412, -786, -31
Step count: 0
[1904] -401, -776, -38
Step count: 0
[1924] -409, -785, -42
Step count: 0
[1945] -448, -825, -39
Step count: 0
[1965] -504, -852, -47
Step count: 0
[1986] -543, -864, -67
Step count: 0
[2006] -598, -962, -75
Step count: 0
[2027] -617, -1004, -56
Step count: 0
[2047] -534, -1088, 0
Step count: 0
[2068] -458, -1129, 57
Step count: 0
[2089] -474, -1253, 73
Step count: 0
[2109] -468, -1387, 60
Step count: 0
[2130] -474, -1349, 18
Step count: 0
[2150] -466, -1041, -40
Step count: 0
[2171] -336, -782, -53
Step count: 0
[2191] -223, -673, -36
Step count: 0
[2212] -185, -693, -37
Step count: 0
[2232] -205, -826, -6
Step count: 0
[2253] -265, -942, 40
Step count: 0
[2273] -304, -997, 83
Step count: 0
[2294] -300, -986, 102
Step count: 0
[2315] -286, -957, 91
Step count: 0
[2335] -260, -926, 77
Step count: 0
[2356] -235, -865, 70
Step count: 0
[2376] -217, -804, 63
Step count: 0
[2397] -228, -734, 38
Step count: 0
[2418] -238, -703, 23
Step count: 0
[2439] -276, -714, 18
Step count: 0
[2459] -320, -730, 21
Step count: 0
[2480] -354, -755, 30
Step count: 0
[2501] -351, -775, 32
Step count: 0
[2521] -369, -807, 14
Step count: 0
[2542] -376, -822, -4
Step count: 0
[2563] -361, -825, -10
Step count: 0
[2583] -432, -913, 17
Step count: 0
[2604] -458, -967, 27
Step count: 0
[2625] -487, -1020, 23
Step count: 0
[2646] -487, -1033, -3
Step count: 0
[2666] -468, -1019, -40
Step count: 0
[2687] -412, -1049, 1
Step count: 0
[2708] -435, -1307, 144
Step count: 0
[2728] -542, -1572, 149
Step count: 0
[2749] -476, -1305, 30
Step count: 0
[2769] -283, -784, -81
Step count: 0
[2790] -171, -594, -130
Step count: 0
[2810] -159, -774, -68
Step count: 0
[2831] -197, -1051, 87
Step count: 0
[2851] -202, -1206, 226
Step count: 0
[2872] -184, -1201, 246
Step count: 0
[2893] -179, -1029, 172
Step count: 0
[2913] -254, -877, 19
Step count: 0
[2934] -330, -818, -12
Step count: 0
[2954] -357, -775, 4
Step count: 0
[2975] -392, -752, 5
Step count: 0
[2995] -449, -743, -11
Step count: 0
[3016] -456, -747, -12
Step count: 0
[3036] -436, -747, -1
Step count: 0
[3057] -436, -754, -1
Step count: 0
[3077] -434, -773, -16
Step count: 0
[3098] -427, -778, -34
Step count: 0
[3119] -435, -758, -49
Step count: 0
[3139] -461, -738, -58
Step count: 0
[3160] -485, -740, -65
Step count: 0
[3181] -499, -757, -70
Step count: 0
[3202] -521, -805, -69
Step count: 0
[3223] -515, -844, -55
Step count: 0
[3243] -520, -907, -25
Step count: 0
[3264] -533, -862, -26
Step count: 0
[3285] -526, -884, -18
Step count: 0
[3306] -495, -850, -17
Step count: 0
[3326] -499, -815, -20
Step count: 0
[3347] -593, -1101, 63
Step count: 0
[3368] -685, -1425, 64
Step count: 0
[3389] -637, -1303, -28
Step count: 0
[3409] -547, -1040, -22
Step count: 0
[3430] -439, -890, 70
Step count: 1
[3451] -389, -916, 148
Step count: 1
[3472] -441, -1012, 110
Step count: 1
[3493] -434, -965, 61
Step count: 1
[3513] -352, -918, 90
Step count: 1
[3534] -277, -899, 119
Step count: 1
[3555] -263, -829, 89
Step count: 1
[3576] -274, -742, 61
Step count: 1
[3596] -292, -688, 61
Step count: 1
[3617] -325, -695, 72
Step count: 1
[3637] -368, -758, 71
Step count: 1
[3658] -375, -806, 81
Step count: 1
[3678] -333, -804, 93
Step count: 1
[3699] -326, -803, 87
Step count: 1
[3720] -372, -804, 73
Step count: 1
[3741] -333, -723, 69
Step count: 1
[3762] -386, -716, 38
Step count: 1
[3782] -442, -737, 3
Step count: 1
[3803] -494, -816, -18
Step count: 1
[3824] -529, -887, 6
Step count: 1
[3845] -538, -958, 49
Step count: 1
[3865] -594, -991, 45
Step count: 1
[3886] -597, -942, 1
Step count: 1
[3907] -572, -884, -14
Step count: 1
[3928] -581, -1017, 112
Step count: 1
[3948] -696, -1413, 247
Step count: 2
[3969] -767, -1484, 213
Step count: 2
[3990] -649, -1076, 63
Step count: 2
[4011] -492, -665, -66
Step count: 2
[4031] -323, -546, -104
Step count: 2
[4052] -252, -792, -65
Step count: 2
[4073] -231, -1038, 93
Step count: 2
[4094] -266, -1131, 213
Step count: 2
[4115] -313, -1210, 238
Step count: 2
[4135] -303, -1112, 155
Step count: 2
[4156] -344, -971, 41
Step count: 2
[4177] -370, -848, -19
Step count: 2
[4198] -348, -730, -2
Step count: 2
[4218] -324, -685, 27
Step count: 2
[4239] -346, -675, 21
Step count: 2
[4259] -380, -691, 1
Step count: 2
[4280] -388, -713, 0
Step count: 2
[4300] -381, -726, 0
Step count: 2
[4321] -378, -704, -6
Step count: 2
[4341] -373, -675, -22
Step count: 2
[4362] -387, -700, -35
Step count: 2
[4383] -415, -768, -32
Step count: 2
[4403] -452, -892, -48
Step count: 2
[4424] -471, -963, -21
Step count: 2
[4444] -497, -1012, -12
Step count: 2
[4465] -517, -1015, -22
Step count: 2
[4486] -530, -1011, -26
Step count: 2
[4507] -515, -927, -32
Step count: 2
[4528] -488, -864, -16
Step count: 2
[4548] -475, -1085, 90
Step count: 2
[4569] -629, -1354, 93
Step count: 2
[4590] -669, -1575, 90
Step count: 2
[4611] -562, -1085, -65
Step count: 2
[4631] -480, -701, -27
Step count: 2
[4652] -391, -784, 125
Step count: 2
[4673] -361, -889, 99
Step count: 2
[4694] -364, -929, 57
Step count: 2
[4714] -343, -989, 97
Step count: 2
[4735] -300, -984, 136
Step count: 3
[4756] -274, -882, 97
Step count: 3
[4777] -298, -774, 54
Step count: 3
[4797] -294, -695, 49
Step count: 3
[4818] -312, -634, 49
Step count: 3
[4839] -317, -643, 76
Step count: 3
[4859] -307, -659, 86
Step count: 3
[4880] -333, -681, 74
Step count: 3
[4900] -338, -729, 66
Step count: 3
[4921] -327, -777, 56
Step count: 3
[4942] -343, -785, 36
Step count: 3
[4963] -294, -749, 8
Step count: 3
[4983] -412, -822, -43
Step count: 3
[5004] -398, -864, -41
Step count: 3
[5025] -413, -935, -18
Step count: 3
[5046] -469, -1004, -4
Step count: 3
[5066] -507, -983, -37
Step count: 3
[5087] -494, -919, -96
Step count: 3
[5108] -504, -925, -75
Step count: 3
[5129] -567, -1325, 160
Step count: 3
[5149] -646, -1838, 340
Step count: 3
[5170] -622, -1620, 261
Step count: 3
[5191] -542, -917, 48
Step count: 3
[5212] -444, -527, -139
Step count: 3
[5232] -424, -609, -148
Step count: 3
[5253] -456, -889, -54
Step count: 3
[5274] -450, -1006, 40
Step count: 4
[5295] -449, -1098, 86
Step count: 4
[5316] -395, -1109, 93
Step count: 4
[5336] -281, -997, 54
Step count: 4
[5357] -204, -802, -24
Step count: 4
[5378] -181, -684, -69
Step count: 4
[5399] -218, -593, -66
Step count: 4
[5420] -368, -621, -51
Step count: 4
[5440] -396, -657, -58
Step count: 4
[5461] -401, -667, -71
Step count: 4
[5482] -375, -693, -56
Step count: 4
[5502] -364, -723, -32
Step count: 4
[5523] -403, -833, -37
Step count: 4
[5544] -382, -829, -32
Step count: 4
[5565] -363, -822, -28
Step count: 4
[5585] -378, -837, -54
Step count: 4
[5606] -393, -848, -51
Step count: 4
[5627] -443, -887, -35
Step count: 4
[5648] -515, -926, -24
Step count: 4
[5668] -544, -971, 13
Step count: 4
[5689] -555, -1016, 48
Step count: 4
[5710] -537, -965, 21
Step count: 4
[5731] -476, -903, 18
Step count: 4
[5751] -486, -1088, 106
Step count: 4
[5772] -564, -1295, 134
Step count: 4
[5793] -594, -1308, 80
Step count: 5
[5814] -540, -1062, 13
Step count: 5
[5834] -395, -767, 52
Step count: 5
[5855] -293, -710, 96
Step count: 5
[5876] -330, -842, 70
Step count: 5
[5897] -333, -898, 59
Step count: 5
[5917] -263, -937, 112
Step count: 5
[5938] -213, -1005, 191
Step count: 5
[5959] -206, -1012, 213
Step count: 5
[5980] -239, -952, 153
Step count: 5
[6000] -253, -862, 84
Step count: 5
[6021] -181, -806, 130
Step count: 5
[6042] -151, -763, 162
Step count: 5
[6063] -165, -755, 131
Step count: 5
[6083] -304, -745, 51
Step count: 5
[6104] -481, -780, -27
Step count: 5
[6125] -499, -777, -117
Step count: 5
[6145] -421, -773, -96
Step count: 5
[6166] -458, -792, -42
Step count: 5
[6187] -514, -824, 26
Step count: 5
[6208] -526, -864, 88
Step count: 5
[6229] -603, -885, 114
Step count: 5
[6249] -668, -903, 112
Step count: 5
[6270] -658, -987, 122
Step count: 5
[6291] -613, -1079, 138
Step count: 5
[6312] -509, -1010, 182
Step count: 5
[6333] -512, -1113, 269
Step count: 5
[6353] -735, -1582, 313
Step count: 6
[6374] -720, -1568, 290
Step count: 6
[6395] -513, -941, 35
Step count: 6
[6416] -301, -545, -52
Step count: 6
[6436] -176, -706, -14
Step count: 6
[6457] -193, -977, 72
Step count: 6
[6478] -206, -1086, 199
Step count: 6
[6499] -264, -1142, 286
Step count: 6
[6520] -283, -1046, 240
Step count: 6
[6540] -302, -897, 101
Step count: 6
[6561] -351, -814, 35
Step count: 6
[6582] -343, -702, 33
Step count: 6
[6603] -339, -687, 62
Step count: 6
[6623] -321, -709, 85
Step count: 6
[6644] -332, -735, 71
Step count: 6
[6665] -336, -759, 62
Step count: 6
[6686] -318, -759, 69
Step count: 6
[6706] -311, -745, 71
Step count: 6
[6727] -316, -731, 63
Step count: 6
[6748] -326, -725, 54
Step count: 6
[6769] -352, -754, 19
Step count: 6
[6789] -371, -801, -14
Step count: 6
[6810] -369, -875, 4
Step count: 6
[6831] -444, -961, 9
Step count: 6
[6851] -541, -1007, -33
Step count: 6
[6872] -586, -1043, -40
Step count: 6
[6893] -596, -1030, 1
Step count: 6
[6914] -585, -1169, 36
Step count: 6
[6935] -647, -1306, -1
Step count: 6
[6955] -738, -1416, 77
Step count: 6
[6976] -711, -1282, 172
Step count: 6
[6997] -586, -691, 125
Step count: 6
[7018] -492, -529, 61
Step count: 6
[7038] -540, -697, 14
Step count: 6
[7059] -648, -867, 57
Step count: 6
[7080] -625, -1070, 193
Step count: 6
[7101] -441, -979, 189
Step count: 6
[7121] -361, -963, 134
Step count: 6
[7142] -300, -948, 118
Step count: 6
[7163] -231, -844, 95
Step count: 6
[7183] -267, -750, 122
Step count: 6
[7204] -305, -742, 132
Step count: 6
[7224] -328, -736, 131
Step count: 6
[7245] -345, -745, 115
Step count: 6
[7265] -287, -670, 105
Step count: 6
[7286] -254, -687, 108
Step count: 6
[7306] -376, -727, 93
Step count: 6
[7327] -346, -741, 79
Step count: 6
[7348] -326, -769, 77
Step count: 6
[7369] -380, -828, 92
Step count: 6
[7389] -354, -863, 112
Step count: 7
[7410] -378, -938, 111
Step count: 7
[7431] -413, -1000, 117
Step count: 7
[7452] -423, -970, 81
Step count: 7
[7473] -447, -960, 39
Step count: 7
[7493] -450, -997, 51
Step count: 7
[7514] -497, -1281, 144
Step count: 7
[7535] -580, -1479, 142
Step count: 7
[7556] -581, -1305, 55
Step count: 7
[7577] -505, -977, -31
Step count: 8
[7597] -437, -720, -85
Step count: 8
[7618] -383, -588, -111
Step count: 8
[7639] -360, -729, -89
Step count: 8
[7660] -422, -932, -20
Step count: 8
[7680] -402, -1018, 77
Step count: 8
[7701] -350, -1093, 111
Step count: 8
[7722] -303, -1040, 81
Step count: 8
[7743] -355, -826, 0
Step count: 8
[7764] -399, -721, -43
Step count: 8
[7784] -402, -691, -28
Step count: 8
[7805] -448, -699, -10
Step count: 8
[7826] -477, -704, -20
Step count: 8
[7847] -462, -693, -33
Step count: 8
[7867] -438, -731, -23
Step count: 8
[7888] -432, -769, -11
Step count: 8
[7908] -433, -798, -9
Step count: 8
[7929] -421, -799, -6
Step count: 8
[7950] -402, -807, 1
Step count: 8
[7970] -408, -812, -1
Step count: 8
[7991] -438, -848, -7
Step count: 8
[8012] -454, -882, -4
Step count: 8
[8033] -513, -929, 0
Step count: 8
[8054] -555, -969, 13
Step count: 8
[8074] -525, -980, 36
Step count: 8
[8095] -487, -930, 49
Step count: 8
[8116] -487, -967, 86
Step count: 8
[8137] -586, -1164, 95
Step count: 8
[8157] -703, -1441, 84
Step count: 8
[8178] -626, -1377, 26
Step count: 8
[8199] -547, -819, -80
Step count: 8
[8220] -429, -620, 60
Step count: 8
[8240] -387, -760, 125
Step count: 8
[8261] -421, -965, 103
Step count: 8
[8282] -408, -969, 97
Step count: 8
[8303] -413, -1042, 137
Step count: 8
[8324] -303, -892, 101
Step count: 8
[8344] -314, -798, 82
Step count: 8
[8365] -329, -746, 78
Step count: 8
[8386] -344, -699, 65
Step count: 8
[8407] -351, -685, 72
Step count: 9
[8427] -337, -686, 79
Step count: 9
[8448] -330, -695, 67
Step count: 9
[8469] -325, -759, 71
Step count: 9
[8489] -328, -753, 56
Step count: 9
[8510] -251, -725, 46
Step count: 9
[8531] -353, -767, 46
Step count: 9
[8551] -355, -775, 55
Step count: 9
[8572] -342, -805, 55
Step count: 9
[8593] -402, -871, 32
Step count: 9
[8614] -402, -851, -4
Step count: 9
[8635] -387, -898, 11
Step count: 9
[8655] -435, -1008, 35
Step count: 9
[8676] -457, -1032, 25
Step count: 9
[8697] -460, -991, -47
Step count: 9
[8718] -469, -1002, -44
Step count: 9
[8738] -444, -1245, 99
Step count: 9
[8759] -557, -1579, 182
Step count: 10
[8780] -607, -1479, 130
Step count: 10
[8801] -588, -1007, -83
Step count: 10
[8822] -509, -602, -138
Step count: 10
[8842] -441, -579, -61
Step count: 10
[8863] -505, -981, 13
Step count: 10
[8884] -468, -1042, 67
Step count: 10
[8905] -420, -1092, 96
Step count: 10
[8925] -305, -997, 87
Step count: 10
[8946] -272, -875, 50
Step count: 10
[8967] -313, -792, 14
Step count: 10
[8988] -286, -667, -19
Step count: 10
[9009] -304, -637, -2
Step count: 10
[9029] -355, -671, 5
Step count: 10
[9050] -396, -704, -9
Step count: 10
[9070] -413, -724, -26
Step count: 10
[9091] -390, -755, -15
Step count: 10
[9112] -375, -774, -24
Step count: 10
[9132] -374, -775, -36
Step count: 10
[9153] -357, -786, -25
Step count: 10
[9173] -342, -812, -19
Step count: 10
[9194] -363, -818, -39
Step count: 10
[9214] -391, -858, -35
Step count: 10
[9235] -423, -908, -23
Step count: 10
[9256] -474, -951, -21
Step count: 10
[9277] -514, -980, -20
Step count: 10
[9297] -529, -984, -17
Step count: 10
[9318] -500, -927, -9
Step count: 11
[9339] -501, -914, 37
Step count: 11
[9360] -569, -1198, 88
Step count: 11
[9381] -697, -1306, 9
Step count: 11
[9401] -694, -1277, 5
Step count: 11
[9422] -611, -993, 1
Step count: 11
[9443] -435, -821, 74
Step count: 11
[9464] -462, -840, 39
Step count: 11
[9484] -523, -930, 57
Step count: 11
[9505] -523, -1049, 114
Step count: 11
[9526] -462, -921, 80
Step count: 11
[9547] -425, -891, 43
Step count: 11
[9568] -363, -871, 41
Step count: 11
[9588] -338, -813, 50
Step count: 11
[9609] -342, -800, 53
Step count: 11
[9630] -332, -785, 51
Step count: 11
[9650] -326, -766, 45
Step count: 11
[9671] -308, -751, 28
Step count: 11
[9691] -284, -735, 26
Step count: 11
[9712] -313, -696, 36
Step count: 11
[9733] -285, -679, 31
Step count: 11
[9753] -357, -715, 21
Step count: 11
[9774] -372, -745, 32
Step count: 11
[9795] -320, -755, 55
Step count: 11
[9816] -337, -811, 69
Step count: 11
[9836] -325, -796, 49
Step count: 11
[9857] -332, -838, 51
Step count: 11
[9878] -392, -919, 66
Step count: 11
[9899] -421, -970, 64
Step count: 11
[9919] -438, -991, 51
Step count: 11
[9940] -470, -984, 37
Step count: 11
[9961] -493, -1123, 93
Step count: 11
[9982] -560, -1375, 134
Step count: 11
[10002] -614, -1350, 64
Step count: 11
[10023] -480, -844, -89
Step count: 11
[10044] -500, -743, -104
Step count: 12
[10065] -532, -699, -119
Step count: 12
[10086] -493, -770, -52
Step count: 12
[10106] -526, -986, 53
Step count: 12
[10127] -496, -1112, 111
Step count: 12
[10148] -429, -1142, 110
Step count: 12
[10169] -366, -1133, 105
Step count: 12
[10189] -343, -1078, 67
Step count: 12
[10210] -344, -928, 27
Step count: 12
[10231] -296, -822, 12
Step count: 12
[10252] -290, -749, 0
Step count: 12
[10272] -300, -637, -35
Step count: 12
[10293] -329, -623, -32
Step count: 12
[10313] -351, -660, -13
Step count: 12
[10334] -342, -699, 3
Step count: 12
[10355] -342, -729, -5
Step count: 12
[10375] -357, -746, -15
Step count: 12
[10396] -369, -768, -16
Step count: 12
[10417] -382, -806, -21
Step count: 12
[10437] -378, -796, -39
Step count: 12
[10458] -381, -784, -43
Step count: 12
[10479] -398, -828, -31
Step count: 12
[10500] -438, -898, -15
Step count: 12
[10520] -510, -975, -6
Step count: 12
[10541] -561, -1047, 1
Step count: 12
[10562] -544, -1050, 19
Step count: 12
[10583] -520, -989, 43
Step count: 12
[10604] -631, -1249, 69
Step count: 12
[10624] -682, -1290, 27
Step count: 12
[10645] -629, -1131, -2
Step count: 12
[10666] -558, -856, -15
Step count: 13
[10687] -470, -717, 4
Step count: 13
[10708] -416, -726, 21
Step count: 13
[10728] -444, -749, 30
Step count: 13
[10749] -515, -932, 85
Step count: 13
[10770] -499, -1022, 138
Step count: 13
[10791] -491, -922, 96
Step count: 13
[10811] -491, -889, 69
Step count: 13
[10832] -441, -823, 75
Step count: 13
[10853] -425, -803, 90
Step count: 13
[10873] -429, -840, 104
Step count: 13
[10894] -407, -843, 105
Step count: 13
[10914] -369, -800, 93
Step count: 13
[10935] -352, -787, 79
Step count: 13
[10955] -364, -801, 78
Step count: 13
[10976] -299, -770, 70
Step count: 13
[10997] -332, -775, 50
Step count: 13
[11018] -405, -805, 50
Step count: 13
[11038] -353, -765, 53
Step count: 13
[11059] -344, -776, 61
Step count: 13
[11080] -315, -772, 50
Step count: 13
[11101] -275, -743, 26
Step count: 13
[11122] -309, -758, 15
Step count: 13
[11142] -354, -798, 29
Step count: 13
[11163] -395, -872, 20
Step count: 13
[11184] -400, -861, -13
Step count: 13
[11205] -416, -833, -44
Step count: 13
[11225] -431, -889, 0
Step count: 14
[11246] -493, -1203, 121
Step count: 14
[11267] -564, -1448, 113
Step count: 14
[11288] -576, -1266, 35
Step count: 14
[11309] -562, -1038, -16
Step count: 14
[11329] -512, -851, -73
Step count: 14
[11350] -413, -680, -101
Step count: 14
[11371] -491, -755, -81
Step count: 14
[11392] -561, -880, -83
Step count: 14
[11412] -543, -982, -20
Step count: 14
[11433] -500, -1095, 111
Step count: 14
[11454] -434, -1173, 112
Step count: 14
[11475] -335, -1154, 103
Step count: 14
[11496] -243, -943, 107
Step count: 14
[11516] -319, -809, 95
Step count: 14
[11537] -421, -853, 101
Step count: 14
[11557] -407, -784, 77
Step count: 14
[11578] -413, -710, 43
Step count: 14
[11598] -385, -716, 26
Step count: 14
[11619] -290, -746, 12
Step count: 14
[11640] -162, -771, -8
Step count: 15
[11661] -206, -771, 24
Step count: 15
[11682] -474, -767, 48
Step count: 15
[11703] -614, -791, 100
Step count: 15
[11723] -558, -739, 114
Step count: 15
[11744] -479, -744, 93
Step count: 15
[11765] -435, -806, 96
Step count: 15
[11786] -423, -881, 109
Step count: 15
[11806] -411, -932, 108
Step count: 15
[11827] -403, -949, 90
Step count: 15
[11848] -454, -931, 69
Step count: 15
[11869] -483, -962, 107
Step count: 15
[11890] -504, -832, 83
Step count: 15
[11910] -553, -820, 57
Step count: 15
[11931] -614, -1098, 90
Step count: 15
[11952] -678, -1249, 86
Step count: 15
[11973] -665, -1207, 52
Step count: 15
[11994] -615, -1028, 25
Step count: 15
[12014] -543, -814, 41
Step count: 15
[12035] -442, -672, 32
Step count: 15
[12056] -413, -656, 24
Step count: 16
[12076] -477, -756, 32
Step count: 16
[12097] -503, -880, 55
Step count: 16
[12118] -466, -979, 105
Step count: 16
[12138] -399, -1008, 119
Step count: 16
[12159] -363, -990, 99
Step count: 16
[12179] -387, -945, 158
Step count: 16
[12200] -426, -878, 230
Step count: 16
[12220] -435, -866, 256
Step count: 16
[12241] -451, -846, 256
Step count: 16
[12261] -371, -865, 231
Step count: 16
[12282] -277, -829, 187
Step count: 16
[12303] -244, -831, 184
Step count: 16
[12323] -234, -848, 165
Step count: 16
[12344] -318, -804, 201
Step count: 16
[12365] -454, -866, 276
Step count: 16
[12386] -518, -826, 298
Step count: 16
[12406] -535, -828, 301
Step count: 16
[12427] -507, -880, 314
Step count: 16
[12448] -459, -791, 294
Step count: 16
[12469] -485, -709, 277
Step count: 16
[12489] -573, -752, 309
Step count: 16
[12510] -735, -807, 314
Step count: 16
[12531] -865, -810, 322
Step count: 16
[12552] -905, -790, 381
Step count: 16
[12573] -927, -786, 447
Step count: 17
[12593] -867, -801, 475
Step count: 17
[12614] -837, -753, 445
Step count: 17
[12635] -845, -818, 332
Step count: 17
[12656] -891, -837, 99
Step count: 17
[12676] -894, -674, 33
Step count: 17
[12697] -975, -559, 133
Step count: 17
[12718] -1052, -674, 328
Step count: 17
[12739] -1088, -749, 425
Step count: 17
[12760] -1056, -590, 341
Step count: 17
[12780] -917, -476, 275
Step count: 17
[12801] -890, -447, 202
Step count: 17
[12822] -944, -405, 153
Step count: 17
[12842] -979, -429, 201
Step count: 17
[12863] -970, -379, -5
Step count: 17
[12883] -1094, -220, -164
Step count: 17
[12904] -1086, -159, -38
Step count: 17
[12925] -836, -207, 83
Step count: 17
[12945] -696, -68, -193
Step count: 17
[12966] -719, 41, -302
Step count: 17
[12986] -502, -63, -79
Step count: 17
[13007] -396, 16, -143
Step count: 17
[13028] -628, 185, -468
Step count: 17
[13048] -823, 212, -515
Step count: 17
[13069] -746, 171, -401
Step count: 17
[13090] -499, 258, -404
Step count: 17
[13111] -344, 157, -602
Step count: 17
[13132] -198, 57, -671
Step count: 17
[13152] -138, 157, -708
Step count: 17
[13173] -175, 171, -742
Step count: 17
[13194] -50, 173, -789
Step count: 17
[13215] -27, 154, -873
Step count: 17
[13236] -152, 146, -879
Step count: 17
[13256] -229, 118, -848
Step count: 17
[13277] -187, 103, -938
Step count: 17
[13298] -107, 79, -993
Step count: 17
[13319] -137, 53, -967
Step count: 17
[13339] -267, 90, -949
Step count: 17
[13360] -248, 187, -936
Step count: 17
[13381] -305, 173, -1014
Step count: 17
[13401] -252, 222, -1010
Step count: 17
[13422] -135, 281, -924
Step count: 17
[13443] -42, 282, -944
Step count: 17
[13463] -116, -54, -1218
Step count: 17
[13484] -57, -73, -1084
Step count: 17
[13504] 117, 121, -864
Step count: 17
[13525] 107, 158, -814
Step count: 17
[13545] -136, 78, -888
Step count: 17
[13566] -205, -21, -1011
Step count: 17
[13586] -120, 8, -1041
Step count: 17
[13607] -39, 91, -1017
Step count: 18
[13628] 8, 118, -1038
Step count: 18
[13649] 52, 83, -976
Step count: 18
[13669] 127, 124, -890
Step count: 18
[13690] 114, 110, -886
Step count: 18
[13711] 19, 71, -927
Step count: 18
[13732] -8, 38, -998
Step count: 18
[13753] -3, 113, -955
Step count: 18
[13773] -10, 160, -881
Step count: 18
[13794] -16, 164, -898
Step count: 18
[13815] 21, 128, -926
Step count: 18
[13835] 1, 136, -964
Step count: 18
