



NuttShell (NSH)
nsh> [Kstep_counter
[19] -348, 228, 799
Step count: 0
[40] -333, 232, 810
Step count: 0
[61] -238, 216, 801
Step count: 0
[81] -271, 225, 853
Step count: 0
[102] -303, 256, 975
Step count: 0
[122] -310, 244, 969
Step count: 0
[143] -402, 237, 931
Step count: 0
[163] -483, 253, 896
Step count: 0
[183] -520, 240, 850
Step count: 0
[204] -476, 247, 839
Step count: 0
[224] -479, 240, 773
Step count: 0
[245] -606, 190, 731
Step count: 0
[265] -736, 225, 815
Step count: 0
[285] -695, 255, 874
Step count: 0
[306] -549, 94, 815
Step count: 0
[326] -595, 46, 746
Step count: 0
[347] -797, 103, 784
Step count: 0
[367] -819, 181, 819
Step count: 0
[388] -618, 312, 810
Step count: 0
[408] -509, 409, 694
Step count: 0
[428] -590, 356, 712
Step count: 0
[449] -703, 309, 569
Step count: 0
[469] -756, 241, 509
Step count: 0
[490] -838, 226, 462
Step count: 0
[510] -839, 215, 506
Step count: 0
[531] -791, 253, 408
Step count: 0
[551] -661, 248, 261
Step count: 0
[572] -533, 117, 176
Step count: 0
[593] -714, 51, -87
Step count: 0
[613] -968, -52, 58
Step count: 0
[633] -930, 123, 356
Step count: 0
[654] -850, 193, 300
Step count: 0
[674] -812, 67, 255
Step count: 0
[695] -853, 8, 267
Step count: 0
[715] -907, -19, 381
Step count: 0
[736] -1164, -31, 367
Step count: 0
[756] -1256, 7, 237
Step count: 0
[777] -1009, 24, 137
Step count: 0
[797] -799, 6, 132
Step count: 0
[818] -652, -3, 192
Step count: 0
[838] -729, -91, 181
Step count: 0
[859] -882, -287, 133
Step count: 0
[879] -983, -364, -12
Step count: 0
[900] -1186, -361, -166
Step count: 0
[920] -1101, -328, -161
Step count: 0
[941] -792, -291, -39
Step count: 0
[961] -681, -338, -30
Step count: 0
[982] -844, -466, -121
Step count: 0
[1002] -951, -514, -152
Step count: 0
[1023] -823, -465, -132
Step count: 0
[1044] -698, -553, -99
Step count: 0
[1064] -612, -650, -92
Step count: 0
[1085] -548, -716, -98
Step count: 0
[1106] -549, -839, -95
Step count: 0
[1126] -659, -971, -121
Step count: 0
[1147] -757, -1044, -156
Step count: 0
[1167] -676, -1039, -139
Step count: 0
[1188] -557, -1028, -122
Step count: 0
[1209] -488, -1030, -109
Step count: 0
[1229] -432, -1032, -69
Step count: 0
[1250] -486, -986, -92
Step count: 0
[1270] -556, -1095, -56
Step count: 0
[1291] -465, -1372, -58
Step count: 0
[1312] -589, -1402, 0
Step count: 0
[1332] -479, -914, -23
Step count: 0
[1353] -443, -722, -18
Step count: 0
[1374] -455, -711, -20
Step count: 0
[1394] -523, -887, -10
Step count: 0
[1415] -523, -1004, -4
Step count: 0
[1435] -451, -1016, 1
Step count: 0
[1456] -416, -1010, -16
Step count: 0
[1477] -368, -994, -27
Step count: 0
[1497] -315, -970, -36
Step count: 0
[1518] -323, -930, -66
Step count: 0
[1538] -341, -884, -76
Step count: 0
[1559] -324, -829, -67
Step count: 0
[1580] -315, -791, -62
Step count: 0
[1600] -330, -756, -62
Step count: 0
[1621] -356, -743, -65
Step count: 0
[1642] -353, -721, -64
Step count: 0
[1662] -330, -687, -57
Step count: 0
[1683] -303, -672, -37
Step count: 0
[1703] -297, -688, -38
Step count: 0
[1724] -317, -745, -49
Step count: 0
[1745] -302, -811, -36
Step count: 0
[1765] -290, -849, -33
Step count: 0
[1786] -299, -921, -44
Step count: 0
[1806] -321, -1026, -48
Step count: 0
[1827] -347, -1127, -55
Step count: 0
[1848] -374, -1178, -87
Step count: 0
[1868] -384, -1163, -95
Step count: 0
[1889] -404, -1307, -86
Step count: 0
[1910] -422, -1346, -139
Step count: 0
[1930] -419, -1048, -171
Step count: 0
[1951] -429, -893, -184
Step count: 0
[1971] -318, -762, -125
Step count: 0
[1992] -302, -789, -182
Step count: 0
[2013] -270, -809, -96
Step count: 0
[2033] -299, -935, -94
Step count: 0
[2054] -310, -1025, -127
Step count: 0
[2075] -294, -1001, -126
Step count: 0
[2095] -326, -953, -131
Step count: 0
[2116] -380, -943, -142
Step count: 0
[2136] -401, -914, -155
Step count: 0
[2157] -385, -880, -154
Step count: 0
[2178] -334, -839, -114
Step count: 1
[2198] -315, -776, -98
Step count: 1
[2219] -314, -736, -92
Step count: 1
[2240] -312, -728, -91
Step count: 1
[2260] -346, -759, -80
Step count: 1
[2281] -377, -784, -74
Step count: 1
[2301] -377, -806, -61
Step count: 1
[2322] -378, -833, -42
Step count: 1
[2343] -394, -823, -38
Step count: 1
[2363] -421, -813, -34
Step count: 1
[2384] -446, -835, -29
Step count: 1
[2405] -459, -888, -9
Step count: 1
[2425] -476, -953, 8
Step count: 1
[2446] -473, -992, 14
Step count: 1
[2466] -460, -1123, 25
Step count: 1
[2487] -651, -1486, 38
Step count: 1
[2508] -599, -1361, -23
Step count: 1
[2528] -370, -1030, -34
Step count: 1
[2549] -325, -944, -22
Step count: 1
[2570] -409, -877, -41
Step count: 1
[2590] -467, -809, -42
Step count: 1
[2611] -436, -824, -36
Step count: 1
[2631] -385, -913, -24
Step count: 1
[2652] -336, -947, -15
Step count: 1
[2673] -263, -970, -7
Step count: 1
[2693] -234, -956, -17
Step count: 1
[2714] -234, -938, -24
Step count: 1
[2735] -245, -926, -19
Step count: 1
[2755] -243, -895, -4
Step count: 1
[2776] -225, -782, -1
Step count: 1
[2796] -237, -698, -6
Step count: 1
[2817] -268, -688, -11
Step count: 1
[2838] -273, -724, 3
Step count: 1
[2858] -269, -765, 20
Step count: 1
[2879] -276, -784, 21
Step count: 1
[2899] -287, -807, 11
Step count: 1
[2920] -297, -825, 3
Step count: 1
[2941] -303, -847, -5
Step count: 1
[2961] -333, -878, -19
Step count: 1
[2982] -379, -950, -26
Step count: 1
[3003] -396, -1036, -26
Step count: 1
[3023] -398, -1096, -42
Step count: 1
[3044] -395, -1078, -59
Step count: 1
[3064] -362, -978, -73
Step count: 1
[3085] -373, -1072, -46
Step count: 1
[3106] -400, -1418, -63
Step count: 1
[3126] -416, -1373, -119
Step count: 1
[3147] -413, -993, -130
Step count: 1
[3168] -445, -758, -126
Step count: 1
[3188] -461, -643, -136
Step count: 1
[3209] -382, -659, -112
Step count: 1
[3229] -307, -873, -73
Step count: 1
[3250] -325, -1040, -65
Step count: 1
[3271] -308, -1100, -87
Step count: 1
[3291] -265, -1044, -94
Step count: 1
[3312] -297, -932, -118
Step count: 1
[3333] -390, -840, -104
Step count: 1
[3353] -361, -832, -74
Step count: 1
[3374] -337, -832, -63
Step count: 1
[3394] -334, -822, -63
Step count: 1
[3415] -354, -808, -54
Step count: 1
[3436] -362, -795, -54
Step count: 1
[3456] -359, -808, -51
Step count: 1
[3477] -376, -837, -35
Step count: 1
[3497] -384, -860, -28
Step count: 1
[3518] -373, -874, -22
Step count: 1
[3539] -377, -877, -17
Step count: 1
[3559] -395, -865, -19
Step count: 1
[3580] -428, -869, -12
Step count: 1
[3601] -460, -877, 7
Step count: 1
[3621] -463, -855, 21
Step count: 1
[3641] -455, -864, 32
Step count: 1
[3662] -456, -894, 46
Step count: 1
[3682] -463, -910, 54
Step count: 1
[3703] -457, -906, 58
Step count: 1
[3723] -431, -972, 81
Step count: 1
[3744] -486, -1262, 87
Step count: 1
[3764] -503, -1407, 53
Step count: 1
[3785] -353, -1175, 53
Step count: 1
[3805] -316, -923, 34
Step count: 1
[3826] -422, -743, 4
Step count: 1
[3846] -474, -711, 5
Step count: 1
[3867] -481, -843, 11
Step count: 1
[3887] -462, -953, 12
Step count: 1
[3907] -413, -1011, 9
Step count: 1
[3928] -378, -1021, 7
Step count: 1
[3948] -368, -978, -2
Step count: 1
[3969] -344, -906, -10
Step count: 1
[3989] -338, -885, -12
Step count: 1
[4010] -347, -891, -8
Step count: 1
[4030] -335, -847, -7
Step count: 1
[4051] -297, -770, -4
Step count: 1
[4071] -276, -731, -2
Step count: 1
[4091] -297, -718, -12
Step count: 1
[4112] -316, -751, -8
Step count: 1
[4132] -267, -819, 13
Step count: 1
[4153] -274, -837, 0
Step count: 1
[4173] -280, -841, -10
Step count: 1
[4194] -291, -825, -24
Step count: 1
[4214] -312, -871, -26
Step count: 1
[4235] -329, -917, -31
Step count: 1
[4255] -368, -933, -22
Step count: 1
[4276] -382, -1005, -28
Step count: 1
[4296] -390, -1024, -44
Step count: 1
[4317] -393, -1021, -20
Step count: 1
[4337] -409, -1236, 11
Step count: 1
[4357] -416, -1330, -24
Step count: 1
[4378] -390, -1122, -43
Step count: 1
[4398] -399, -925, -67
Step count: 1
[4419] -490, -879, -62
Step count: 1
[4439] -498, -778, -52
Step count: 1
[4460] -472, -718, -15
Step count: 1
[4480] -467, -839, -2
Step count: 1
[4501] -438, -980, -38
Step count: 1
[4521] -378, -1024, -80
Step count: 1
[4542] -349, -1014, -92
Step count: 1
[4562] -390, -951, -85
Step count: 1
[4582] -441, -893, -70
Step count: 1
[4603] -457, -885, -60
Step count: 1
[4623] -444, -854, -54
Step count: 1
[4644] -435, -793, -47
Step count: 1
[4664] -419, -735, -42
Step count: 1
[4685] -386, -706, -38
Step count: 1
[4705] -376, -710, -34
Step count: 1
[4726] -414, -759, -36
Step count: 1
[4746] -432, -796, -32
Step count: 1
[4767] -408, -798, -21
Step count: 1
[4787] -387, -819, -14
Step count: 1
[4808] -369, -851, -2
Step count: 1
[4828] -370, -859, 4
Step count: 1
[4849] -407, -895, 15
Step count: 1
[4870] -423, -961, 22
Step count: 1
[4890] -447, -1001, 23
Step count: 1
[4911] -469, -1003, 17
Step count: 1
[4931] -478, -990, 18
Step count: 1
[4952] -441, -1024, 34
Step count: 1
[4973] -604, -1221, 33
Step count: 2
[4993] -405, -1110, 37
Step count: 2
[5014] -415, -1012, 20
Step count: 2
[5035] -466, -847, 2
Step count: 2
[5055] -423, -736, 16
Step count: 2
[5076] -411, -791, 43
Step count: 2
[5096] -446, -905, 47
Step count: 2
[5117] -422, -950, 56
Step count: 2
[5138] -377, -977, 63
Step count: 2
[5158] -349, -971, 54
Step count: 2
[5179] -293, -912, 34
Step count: 2
[5200] -263, -848, 18
Step count: 2
[5220] -282, -807, 15
Step count: 2
[5241] -304, -793, 12
Step count: 2
[5261] -296, -780, 9
Step count: 2
[5282] -280, -758, 9
Step count: 2
[5303] -274, -736, 1
Step count: 2
[5323] -277, -757, -6
Step count: 2
[5344] -291, -784, -21
Step count: 2
[5365] -312, -819, -36
Step count: 2
[5385] -324, -839, -44
Step count: 2
[5406] -332, -841, -53
Step count: 2
[5426] -342, -839, -62
Step count: 2
[5447] -358, -864, -66
Step count: 2
[5468] -375, -926, -64
Step count: 2
[5488] -386, -998, -66
Step count: 2
[5509] -389, -1017, -83
Step count: 2
[5529] -394, -949, -110
Step count: 2
[5550] -398, -927, -84
Step count: 2
[5571] -423, -1232, -56
Step count: 2
[5591] -456, -1390, -101
Step count: 2
[5612] -424, -1130, -117
Step count: 2
[5633] -395, -795, -80
Step count: 2
[5653] -381, -731, -65
Step count: 2
[5674] -437, -865, -40
Step count: 2
[5694] -493, -1019, -48
Step count: 2
[5715] -451, -1029, -76
Step count: 2
[5736] -367, -1005, -102
Step count: 2
[5756] -365, -974, -108
Step count: 2
[5777] -405, -922, -98
Step count: 2
[5798] -413, -836, -81
Step count: 2
[5818] -412, -775, -71
Step count: 2
[5839] -415, -727, -78
Step count: 2
[5859] -404, -694, -94
Step count: 2
[5880] -381, -695, -96
Step count: 2
[5901] -357, -735, -75
Step count: 2
[5921] -358, -792, -64
Step count: 2
[5942] -369, -832, -56
Step count: 2
[5963] -381, -858, -51
Step count: 2
[5983] -388, -876, -43
Step count: 2
[6004] -402, -880, -40
Step count: 2
[6024] -421, -855, -41
Step count: 2
[6045] -437, -847, -41
Step count: 2
[6066] -440, -873, -28
Step count: 2
[6086] -439, -913, -20
Step count: 3
[6107] -438, -932, -17
Step count: 3
[6128] -442, -893, -23
Step count: 3
[6148] -444, -940, -4
Step count: 3
[6169] -487, -1279, 1
Step count: 3
[6190] -495, -1391, -48
Step count: 3
[6210] -431, -1127, -50
Step count: 3
[6231] -415, -906, -48
Step count: 3
[6251] -404, -785, -84
Step count: 3
[6272] -405, -762, -79
Step count: 3
[6293] -429, -1034, -69
Step count: 3
[6313] -392, -1041, -75
Step count: 3
[6334] -365, -1030, -87
Step count: 3
[6355] -360, -969, -109
Step count: 3
[6375] -347, -903, -99
Step count: 3
[6396] -321, -893, -79
Step count: 3
[6416] -309, -892, -75
Step count: 3
[6437] -299, -870, -79
Step count: 3
[6458] -297, -810, -86
Step count: 3
[6478] -297, -749, -94
Step count: 3
[6499] -299, -715, -93
Step count: 3
[6519] -303, -720, -80
Step count: 3
[6540] -308, -745, -65
Step count: 3
[6561] -307, -766, -71
Step count: 3
[6581] -280, -815, -79
Step count: 3
[6602] -324, -820, -101
Step count: 3
[6622] -392, -837, -82
Step count: 3
[6643] -353, -842, -80
Step count: 3
[6664] -352, -890, -77
Step count: 3
[6684] -375, -936, -70
Step count: 3
[6705] -389, -967, -70
Step count: 3
[6726] -397, -976, -69
Step count: 3
[6746] -421, -954, -73
Step count: 3
[6767] -441, -918, -79
Step count: 3
[6787] -428, -942, -51
Step count: 3
[6808] -401, -1214, -12
Step count: 3
[6829] -433, -1373, -46
Step count: 3
[6849] -431, -1178, -69
Step count: 3
[6870] -400, -970, -58
Step count: 3
[6891] -425, -854, -66
Step count: 3
[6911] -473, -729, -84
Step count: 3
[6932] -472, -669, -58
Step count: 3
[6952] -438, -929, -48
Step count: 4
[6973] -385, -1010, -81
Step count: 4
[6994] -337, -1044, -90
Step count: 4
[7014] -345, -1006, -86
Step count: 4
[7035] -383, -940, -70
Step count: 4
[7056] -386, -892, -55
Step count: 4
[7076] -387, -850, -57
Step count: 4
[7097] -399, -796, -51
Step count: 4
[7118] -402, -759, -51
Step count: 4
[7138] -412, -751, -56
Step count: 4
[7159] -414, -773, -67
Step count: 4
[7179] -401, -792, -72
Step count: 4
[7200] -379, -830, -67
Step count: 4
[7221] -362, -837, -68
Step count: 4
[7241] -358, -830, -79
Step count: 4
[7262] -362, -830, -88
Step count: 4
[7282] -368, -830, -100
Step count: 4
[7303] -390, -845, -101
Step count: 4
[7324] -425, -890, -95
Step count: 4
[7344] -450, -941, -98
Step count: 4
[7365] -442, -958, -107
Step count: 4
[7386] -405, -921, -97
Step count: 4
[7406] -401, -890, -73
Step count: 4
[7427] -431, -1031, -47
Step count: 4
[7447] -421, -1261, -51
Step count: 4
[7468] -579, -1191, -11
Step count: 4
[7489] -633, -936, 3
Step count: 4
[7509] -498, -927, 19
Step count: 4
[7530] -500, -932, 34
Step count: 4
[7551] -562, -837, 18
Step count: 4
[7571] -553, -849, 0
Step count: 4
[7592] -370, -971, 33
Step count: 4
[7612] -243, -1020, 17
Step count: 4
[7633] -369, -962, -22
Step count: 4
[7654] -371, -871, -8
Step count: 4
[7674] -285, -866, 0
Step count: 4
[7695] -319, -873, -7
Step count: 4
[7716] -361, -858, -19
Step count: 4
[7736] -330, -845, -30
Step count: 4
[7757] -311, -784, -30
Step count: 4
[7777] -301, -832, -38
Step count: 4
[7798] -309, -828, -45
Step count: 4
[7819] -323, -780, -69
Step count: 4
[7839] -302, -819, -55
Step count: 4
[7860] -286, -890, -39
Step count: 4
[7881] -296, -854, -66
Step count: 4
[7901] -300, -831, -76
Step count: 4
[7922] -300, -803, -89
Step count: 4
[7943] -408, -842, -50
Step count: 4
[7963] -557, -866, 26
Step count: 4
[7984] -641, -859, 35
Step count: 4
[8004] -602, -860, 46
Step count: 4
[8025] -696, -855, 43
Step count: 4
[8046] -802, -854, 49
Step count: 4
[8066] -816, -845, 47
Step count: 4
[8087] -772, -828, 50
Step count: 4
[8107] -788, -923, 94
Step count: 4
[8128] -827, -1148, 71
Step count: 4
[8149] -755, -1040, 23
Step count: 4
[8169] -673, -768, 24
Step count: 4
[8190] -660, -649, 30
Step count: 4
[8211] -619, -671, 13
Step count: 4
[8231] -534, -732, 19
Step count: 4
[8252] -484, -842, 76
Step count: 4
[8272] -542, -1010, 71
Step count: 5
[8293] -532, -1056, 103
Step count: 5
[8314] -537, -940, 179
Step count: 5
[8334] -662, -766, 233
Step count: 5
[8355] -809, -812, 188
Step count: 5
[8375] -754, -754, 253
Step count: 5
[8396] -766, -650, 396
Step count: 5
[8416] -792, -641, 482
Step count: 5
[8437] -728, -622, 434
Step count: 5
[8458] -839, -621, 472
Step count: 5
[8478] -885, -482, 556
Step count: 5
[8499] -767, -338, 508
Step count: 5
[8520] -761, -316, 598
Step count: 5
[8540] -692, -138, 569
Step count: 5
[8561] -629, -185, 535
Step count: 5
[8581] -691, -201, 535
Step count: 5
[8602] -681, -180, 479
Step count: 5
[8623] -607, -119, 514
Step count: 5
[8643] -507, -122, 521
Step count: 5
[8664] -583, -143, 609
Step count: 5
[8685] -584, -100, 679
Step count: 5
[8705] -532, -72, 757
Step count: 5
[8726] -547, -80, 761
Step count: 5
[8747] -657, -86, 812
Step count: 5
[8767] -616, -92, 696
Step count: 6
[8788] -359, -121, 697
Step count: 6
[8808] -247, -123, 693
Step count: 6
[8829] -467, -139, 726
Step count: 6
[8850] -775, -62, 759
Step count: 6
[8870] -578, 27, 839
Step count: 6
[8891] -359, 15, 845
Step count: 6
[8912] -489, 20, 893
Step count: 6
[8932] -528, 27, 762
Step count: 6
[8953] -151, 52, 852
Step count: 6
[8973] -401, 90, 801
Step count: 6
[8994] -602, 82, 743
Step count: 6
[9014] -458, 84, 865
Step count: 6
[9035] -369, 16, 955
Step count: 6
[9055] -571, -12, 886
Step count: 6
[9076] -560, 66, 905
Step count: 6
[9096] -424, 14, 967
Step count: 6
[9117] -482, -36, 925
Step count: 6
[9138] -584, 16, 867
Step count: 6
[9158] -548, 22, 864
Step count: 6
[9179] -431, 3, 914
Step count: 6
[9200] -450, 1, 884
Step count: 6
[9220] -487, 35, 873
Step count: 6
[9241] -440, 0, 905
Step count: 6
[9262] -352, -4, 886
Step count: 6
[9282] -402, 14, 857
Step count: 6
[9303] -458, 21, 890
Step count: 6
[9323] -385, 12, 921
Step count: 6
[9344] -364, 31, 903
Step count: 6
[9365] -481, 74, 869
Step count: 6
[9385] -479, 65, 907
Step count: 6
[9406] -398, 4, 924
Step count: 6
[9426] -484, 4, 843
Step count: 6
[9447] -531, 41, 879
Step count: 7
[9468] -445, 3, 911
Step count: 7
[9488] -434, -16, 869
Step count: 7
[9509] -499, 19, 848
Step count: 7
[9530] -511, 16, 877
Step count: 7
[9550] -461, 12, 904
Step count: 7
[9571] -463, 51, 875
Step count: 7
[9591] -518, 86, 823
Step count: 7
[9612] -463, 26, 900
Step count: 7
[9633] -485, 36, 843
Step count: 7
[9653] -458, 63, 848
Step count: 7
[9674] -399, 29, 873
Step count: 7
[9695] -400, 4, 889
Step count: 7
[9715] -429, 10, 871
Step count: 7
[9736] -424, 32, 854
Step count: 7
[9756] -463, 37, 878
Step count: 7
[9777] -490, 46, 898
Step count: 7
[9798] -491, 45, 893
Step count: 7
[9818] -493, 37, 883
Step count: 7
[9839] -473, 31, 888
Step count: 7
[9860] -423, 1, 912
Step count: 7
[9880] -406, -19, 908
Step count: 7
[9901] -402, 0, 903
Step count: 7
[9921] -436, 23, 896
Step count: 7
[9942] -460, 31, 882
Step count: 7
[9963] -443, 37, 878
Step count: 7
[9983] -406, 20, 907
Step count: 7
[10004] -410, 23, 925
Step count: 7
[10025] -448, 46, 916
Step count: 7
[10045] -455, 43, 904
Step count: 7
[10066] -418, 28, 883
Step count: 7
