[19] -384, 26, 832
Step count: 0
[40] -399, 2, 870
Step count: 0
[61] -434, 6, 884
Step count: 0
[81] -452, 1, 912
Step count: 0
[102] -422, -14, 966
Step count: 0
[122] -425, -20, 958
Step count: 0
[142] -410, 21, 932
Step count: 0
[163] -409, 11, 908
Step count: 0
[183] -453, -3, 863
Step count: 0
[204] -435, 36, 856
Step count: 0
[224] -422, 26, 887
Step count: 0
[244] -452, 3, 895
Step count: 0
[265] -530, -14, 890
Step count: 0
[285] -542, -38, 886
Step count: 0
[306] -524, -7, 868
Step count: 0
[326] -601, 38, 792
Step count: 0
[346] -658, 0, 816
Step count: 0
[367] -463, 45, 937
Step count: 0
[387] -336, 65, 778
Step count: 0
[408] -547, -8, 682
Step count: 0
[428] -702, 2, 736
Step count: 0
[449] -708, 12, 697
Step count: 0
[469] -742, -29, 713
Step count: 0
[489] -809, 6, 769
Step count: 0
[510] -776, 14, 841
Step count: 0
[530] -673, 18, 925
Step count: 0
[551] -689, 149, 694
Step count: 0
[571] -983, 92, 697
Step count: 0
[592] -1143, 20, 597
Step count: 0
[612] -992, 58, 558
Step count: 0
[632] -686, 142, 516
Step count: 0
[653] -628, 218, 475
Step count: 0
[673] -710, 223, 323
Step count: 0
[694] -765, 161, 247
Step count: 0
[714] -771, 111, 181
Step count: 0
[734] -728, 89, 141
Step count: 0
[755] -721, 71, 136
Step count: 0
[775] -688, 76, 136
Step count: 0
[796] -740, 79, 124
Step count: 0
[816] -776, 74, 99
Step count: 0
[837] -761, 39, 86
Step count: 0
[857] -704, 2, 55
Step count: 0
[877] -642, -22, 23
Step count: 0
[898] -587, -56, 52
Step count: 0
[918] -594, -91, 209
Step count: 0
[939] -701, -260, 302
Step count: 0
[959] -1067, -521, 281
Step count: 0
[980] -1317, -552, 176
Step count: 0
[1000] -1092, -497, 44
Step count: 0
[1020] -817, -533, -44
Step count: 0
[1041] -752, -517, -23
Step count: 0
[1061] -897, -650, 26
Step count: 0
[1082] -1058, -805, 14
Step count: 0
[1102] -1150, -845, 13
Step count: 0
[1123] -1014, -813, -16
Step count: 0
[1143] -811, -791, -37
Step count: 0
[1164] -694, -844, -57
Step count: 0
[1184] -680, -844, -75
Step count: 0
[1204] -650, -814, -104
Step count: 0
[1225] -667, -857, -146
Step count: 0
[1245] -734, -1052, -157
Step count: 0
[1266] -713, -1159, -82
Step count: 0
[1286] -532, -1025, -53
Step count: 0
[1306] -522, -890, -69
Step count: 0
[1327] -574, -815, -82
Step count: 0
[1347] -552, -789, -75
Step count: 0
[1368] -550, -779, -47
Step count: 0
[1388] -540, -801, -22
Step count: 0
[1409] -551, -883, -16
Step count: 0
[1429] -575, -957, -32
Step count: 0
[1450] -569, -973, -56
Step count: 0
[1470] -522, -959, -59
Step count: 0
[1490] -506, -909, -64
Step count: 0
[1511] -515, -867, -68
Step count: 0
[1531] -495, -858, -57
Step count: 0
[1552] -478, -855, -40
Step count: 0
[1572] -441, -770, -26
Step count: 0
[1593] -418, -703, -23
Step count: 0
[1613] -412, -680, -8
Step count: 0
[1634] -383, -690, -5
Step count: 0
[1654] -380, -730, -7
Step count: 0
[1675] -357, -751, 0
Step count: 0
[1695] -342, -781, 4
Step count: 0
[1716] -392, -756, -39
Step count: 0
[1736] -427, -755, -61
Step count: 0
[1757] -424, -775, -66
Step count: 0
[1777] -434, -824, -80
Step count: 0
[1797] -462, -878, -102
Step count: 0
[1818] -483, -936, -111
Step count: 0
[1838] -499, -990, -118
Step count: 0
[1859] -520, -990, -138
Step count: 0
[1879] -550, -922, -176
Step count: 0
[1900] -559, -888, -190
Step count: 0
[1920] -510, -1135, -78
Step count: 0
[1941] -510, -1466, -8
Step count: 0
[1961] -558, -1288, -82
Step count: 0
[1982] -581, -926, -152
Step count: 0
[2002] -510, -763, -139
Step count: 0
[2023] -438, -695, -96
Step count: 0
[2043] -455, -734, -55
Step count: 0
[2064] -502, -824, -37
Step count: 0
[2084] -526, -940, -33
Step count: 0
[2105] -465, -1004, -34
Step count: 0
[2125] -376, -998, -56
Step count: 0
[2146] -361, -923, -74
Step count: 0
[2166] -399, -827, -92
Step count: 0
[2187] -422, -762, -82
Step count: 0
[2208] -436, -750, -79
Step count: 0
[2228] -466, -708, -90
Step count: 0
[2249] -452, -751, -89
Step count: 0
[2269] -402, -747, -84
Step count: 0
[2290] -445, -725, -98
Step count: 0
[2310] -402, -764, -85
Step count: 0
[2331] -384, -750, -71
Step count: 0
[2352] -410, -744, -77
Step count: 0
[2372] -404, -743, -93
Step count: 0
[2393] -400, -747, -99
Step count: 0
[2413] -459, -725, -112
Step count: 0
[2434] -554, -730, -115
Step count: 0
[2455] -568, -771, -87
Step count: 0
[2475] -610, -885, -36
Step count: 0
[2496] -660, -897, -17
Step count: 0
[2516] -676, -891, -20
Step count: 0
[2537] -659, -864, -22
Step count: 0
[2558] -668, -1008, -2
Step count: 0
[2578] -682, -1224, -9
Step count: 0
[2599] -617, -1183, 6
Step count: 0
[2619] -532, -1043, 15
Step count: 0
[2640] -499, -867, -5
Step count: 0
[2660] -485, -732, -18
Step count: 0
[2681] -453, -723, 0
Step count: 0
[2702] -497, -819, 0
Step count: 0
[2722] -463, -927, -7
Step count: 0
[2743] -364, -997, -4
Step count: 0
[2763] -360, -988, -22
Step count: 0
[2784] -343, -889, -42
Step count: 0
[2805] -309, -795, -53
Step count: 0
[2825] -322, -803, -58
Step count: 0
[2846] -337, -827, -53
Step count: 0
[2866] -330, -828, -50
Step count: 0
[2887] -304, -813, -47
Step count: 0
[2907] -299, -786, -39
Step count: 0
[2928] -311, -784, -34
Step count: 0
[2949] -327, -807, -33
Step count: 0
[2969] -370, -830, -39
Step count: 0
[2990] -390, -822, -33
Step count: 0
[3010] -392, -798, -25
Step count: 0
[3031] -411, -795, -31
Step count: 0
[3052] -458, -804, -50
Step count: 0
[3072] -501, -828, -49
Step count: 0
[3093] -538, -867, -44
Step count: 0
[3113] -566, -886, -36
Step count: 0
[3134] -570, -921, -19
Step count: 0
[3155] -560, -944, -8
Step count: 0
[3175] -548, -848, -24
Step count: 0
[3196] -559, -957, 33
Step count: 0
[3216] -572, -1307, 82
Step count: 0
[3237] -584, -1425, 62
Step count: 0
[3257] -533, -1128, -1
Step count: 0
[3278] -474, -799, -41
Step count: 0
[3299] -445, -665, -30
Step count: 0
[3319] -461, -679, -11
Step count: 0
[3340] -501, -819, -1
Step count: 1
[3361] -487, -931, 0
Step count: 1
[3381] -434, -991, -11
Step count: 1
[3402] -382, -1023, -34
Step count: 1
[3422] -366, -968, -69
Step count: 1
[3443] -389, -865, -86
Step count: 1
[3463] -407, -793, -81
Step count: 1
[3484] -409, -734, -72
Step count: 1
[3504] -435, -680, -75
Step count: 1
[3525] -436, -717, -69
Step count: 1
[3545] -424, -714, -66
Step count: 1
[3566] -402, -727, -84
Step count: 1
[3586] -404, -764, -98
Step count: 1
[3607] -401, -789, -86
Step count: 1
[3628] -396, -799, -87
Step count: 1
[3648] -406, -821, -94
Step count: 1
[3669] -440, -821, -97
Step count: 1
[3689] -489, -828, -77
Step count: 1
[3710] -526, -842, -63
Step count: 1
[3730] -539, -837, -56
Step count: 1
[3751] -584, -854, -39
Step count: 1
[3772] -612, -875, -21
Step count: 1
[3792] -616, -862, -1
Step count: 1
[3813] -614, -825, 10
Step count: 1
[3833] -614, -852, 36
Step count: 1
[3854] -653, -1085, 40
Step count: 1
[3875] -654, -1165, -8
Step count: 1
[3895] -525, -931, 18
Step count: 1
[3916] -457, -901, 24
Step count: 1
[3936] -406, -866, 25
Step count: 1
[3957] -432, -859, 14
Step count: 1
[3977] -500, -928, 19
Step count: 1
[3998] -515, -958, 18
Step count: 1
[4019] -420, -922, 17
Step count: 1
[4039] -354, -940, 4
Step count: 1
[4060] -371, -860, -16
Step count: 1
[4080] -376, -781, -6
Step count: 1
[4101] -385, -798, -1
Step count: 1
[4121] -418, -812, -21
Step count: 1
[4142] -394, -794, -32
Step count: 1
[4162] -367, -756, -37
Step count: 1
[4183] -358, -729, -34
Step count: 1
[4203] -335, -749, -27
Step count: 1
[4224] -328, -783, -24
Step count: 1
[4245] -361, -792, -28
Step count: 1
[4265] -376, -836, -34
Step count: 1
[4286] -376, -823, -54
Step count: 1
[4306] -389, -807, -60
Step count: 1
[4327] -384, -815, -48
Step count: 1
[4347] -385, -818, -47
Step count: 1
[4368] -404, -860, -43
Step count: 1
[4389] -439, -910, -32
Step count: 1
[4409] -458, -942, -32
Step count: 1
[4430] -464, -939, -38
Step count: 1
[4450] -475, -904, -41
Step count: 1
[4471] -490, -913, -3
Step count: 1
[4492] -541, -1202, 30
Step count: 1
[4512] -573, -1353, -21
Step count: 1
[4533] -542, -1122, -69
Step count: 1
[4553] -500, -885, -57
Step count: 2
[4574] -475, -778, -47
Step count: 2
[4594] -455, -756, -41
Step count: 2
[4615] -427, -962, -13
Step count: 2
[4636] -431, -1006, -51
Step count: 2
[4656] -381, -1010, -66
Step count: 2
[4677] -353, -966, -76
Step count: 2
[4697] -382, -900, -71
Step count: 2
[4718] -406, -844, -62
Step count: 2
[4739] -417, -811, -62
Step count: 2
[4759] -436, -795, -73
Step count: 2
[4780] -453, -767, -73
Step count: 2
[4800] -410, -750, -76
Step count: 2
[4821] -380, -758, -78
Step count: 2
[4841] -399, -780, -66
Step count: 2
[4862] -397, -782, -77
Step count: 2
[4883] -430, -806, -83
Step count: 2
[4903] -464, -805, -70
Step count: 2
[4924] -481, -785, -54
Step count: 2
[4944] -464, -769, -38
Step count: 2
[4965] -500, -778, -28
Step count: 2
[4986] -577, -807, -12
Step count: 2
[5006] -613, -872, -8
Step count: 2
[5027] -624, -909, -12
Step count: 2
[5047] -611, -898, -4
Step count: 2
[5068] -546, -879, 21
Step count: 2
[5088] -531, -854, 36
Step count: 2
[5109] -563, -959, 69
Step count: 2
[5130] -625, -1161, 62
Step count: 2
[5150] -671, -1126, 30
Step count: 2
[5171] -597, -973, 33
Step count: 3
[5191] -523, -849, 26
Step count: 3
[5212] -502, -743, 9
Step count: 3
[5233] -452, -710, 4
Step count: 3
[5253] -467, -782, 16
Step count: 3
[5274] -484, -917, 28
Step count: 3
[5294] -426, -994, 43
Step count: 3
[5315] -307, -1002, 57
Step count: 3
[5336] -253, -837, 42
Step count: 3
[5356] -302, -835, 46
Step count: 3
[5376] -359, -854, 41
Step count: 3
[5397] -386, -844, 28
Step count: 3
[5417] -380, -801, 32
Step count: 3
[5438] -365, -753, 27
Step count: 3
[5458] -340, -743, 18
Step count: 3
[5479] -323, -758, 15
Step count: 3
[5500] -341, -780, 13
Step count: 3
[5520] -372, -790, 14
Step count: 3
[5541] -378, -806, 6
Step count: 3
[5561] -364, -809, 0
Step count: 3
[5582] -358, -784, -5
Step count: 3
[5602] -397, -774, -22
Step count: 3
[5623] -439, -806, -14
Step count: 3
[5644] -465, -867, 13
Step count: 3
[5664] -484, -932, 25
Step count: 3
[5685] -523, -969, 19
Step count: 3
[5705] -546, -965, 24
Step count: 3
[5726] -557, -915, 28
Step count: 3
[5746] -567, -859, 14
Step count: 3
[5767] -557, -828, 14
Step count: 3
[5788] -572, -1039, 88
Step count: 4
[5808] -576, -1419, 98
Step count: 4
[5829] -503, -1393, 44
Step count: 4
[5849] -492, -1063, -21
Step count: 4
[5870] -565, -819, -57
Step count: 4
[5891] -567, -697, -43
Step count: 4
[5911] -406, -652, -9
Step count: 4
[5932] -380, -749, 15
Step count: 4
[5952] -470, -892, 10
Step count: 4
[5973] -422, -1012, -10
Step count: 4
[5993] -333, -1105, -18
Step count: 4
[6014] -343, -1069, -28
Step count: 4
[6034] -391, -937, -43
Step count: 4
[6055] -383, -832, -36
Step count: 4
[6075] -369, -809, -43
Step count: 4
[6096] -376, -749, -53
Step count: 4
[6117] -372, -792, -71
Step count: 4
[6137] -313, -767, -56
Step count: 4
[6158] -319, -754, -62
Step count: 4
[6178] -344, -790, -69
Step count: 4
[6199] -385, -825, -73
Step count: 4
[6219] -406, -812, -62
Step count: 4
[6240] -425, -791, -55
Step count: 4
[6261] -432, -758, -62
Step count: 4
[6281] -445, -730, -59
Step count: 4
[6302] -508, -757, -51
Step count: 4
[6322] -595, -810, -11
Step count: 4
[6343] -654, -875, 48
Step count: 4
[6364] -646, -888, 73
Step count: 4
[6384] -664, -876, 82
Step count: 4
[6405] -694, -869, 88
Step count: 4
[6425] -697, -854, 83
Step count: 4
[6446] -673, -809, 75
Step count: 4
[6466] -614, -819, 114
Step count: 4
[6487] -611, -1051, 127
Step count: 4
[6508] -696, -1186, 78
Step count: 4
[6528] -630, -1048, 106
Step count: 4
[6549] -557, -958, 109
Step count: 5
[6569] -542, -937, 91
Step count: 5
[6590] -504, -874, 47
Step count: 5
[6611] -480, -743, 22
Step count: 5
[6631] -459, -669, 29
Step count: 5
[6652] -474, -815, 35
Step count: 5
[6672] -417, -872, 45
Step count: 5
[6692] -395, -884, 38
Step count: 5
[6713] -365, -889, 39
Step count: 5
[6734] -335, -880, 36
Step count: 5
[6754] -331, -890, 36
Step count: 5
[6775] -362, -933, 0
Step count: 5
[6795] -356, -859, -16
Step count: 5
[6816] -335, -793, -23
Step count: 5
[6837] -326, -775, -22
Step count: 5
[6857] -338, -778, -24
Step count: 5
[6878] -357, -809, -24
Step count: 5
[6898] -362, -823, -18
Step count: 5
[6919] -381, -804, 2
Step count: 5
[6939] -405, -829, 15
Step count: 5
[6960] -516, -855, 53
Step count: 5
[6981] -605, -836, 79
Step count: 5
[7001] -609, -787, 86
Step count: 5
[7022] -593, -762, 101
Step count: 5
[7042] -623, -791, 127
Step count: 5
[7063] -704, -815, 159
Step count: 5
[7084] -749, -823, 165
Step count: 6
[7104] -767, -814, 160
Step count: 6
[7125] -758, -790, 162
Step count: 6
[7145] -754, -761, 169
Step count: 6
[7166] -793, -810, 213
Step count: 6
[7186] -890, -1014, 250
Step count: 6
[7207] -911, -1137, 293
Step count: 6
[7228] -841, -1099, 266
Step count: 6
[7248] -813, -939, 216
Step count: 6
[7269] -769, -818, 218
Step count: 6
[7289] -702, -698, 272
Step count: 6
[7310] -657, -771, 323
Step count: 6
[7331] -657, -832, 356
Step count: 6
[7351] -679, -712, 390
Step count: 6
[7372] -689, -581, 469
Step count: 6
[7392] -648, -536, 412
Step count: 6
[7413] -767, -516, 425
Step count: 6
[7433] -854, -392, 544
Step count: 6
[7454] -651, -231, 448
Step count: 6
[7475] -634, -206, 385
Step count: 6
[7495] -496, -200, 523
Step count: 6
[7516] -507, -188, 550
Step count: 6
[7536] -560, -187, 524
Step count: 6
[7557] -617, -219, 592
Step count: 6
[7577] -613, -236, 683
Step count: 6
[7598] -581, -221, 726
Step count: 6
[7619] -589, -192, 682
Step count: 6
[7639] -583, -176, 634
Step count: 6
[7660] -513, -190, 624
Step count: 6
[7680] -426, -165, 585
Step count: 6
[7701] -406, -237, 627
Step count: 6
[7721] -486, -332, 927
Step count: 6
[7742] -524, -123, 983
Step count: 7
[7763] -460, 9, 835
Step count: 7
[7783] -542, -16, 743
Step count: 7
[7804] -569, 16, 826
Step count: 7
[7825] -604, -6, 947
Step count: 7
[7845] -559, -60, 842
Step count: 7
[7866] -416, 5, 769
Step count: 7
[7886] -246, 78, 823
Step count: 7
[7907] -336, -15, 942
Step count: 7
[7927] -560, -85, 850
Step count: 7
[7948] -538, -44, 894
Step count: 7
[7969] -479, -71, 956
Step count: 7
[7989] -490, -95, 895
Step count: 7
[8010] -465, -61, 887
Step count: 7
[8030] -340, -78, 948
Step count: 7
[8051] -399, -124, 950
Step count: 7
[8071] -472, -94, 855
Step count: 7
[8092] -343, -63, 955
Step count: 7
[8113] -301, -122, 1008
Step count: 7
[8133] -404, -114, 915
Step count: 7
[8154] -317, -24, 933
Step count: 7
[8174] -267, -70, 955
Step count: 7
[8195] -298, -44, 946
Step count: 7
[8216] -286, -53, 962
Step count: 7
[8236] -344, -94, 944
Step count: 7
[8257] -415, -74, 940
Step count: 7
[8277] -402, -67, 997
Step count: 7
[8298] -419, -68, 969
Step count: 7
[8318] -454, -28, 920
Step count: 7
[8339] -432, -27, 938
Step count: 7
[8360] -389, -49, 908
Step count: 7
[8380] -404, -54, 899
Step count: 7
[8401] -402, -39, 867
Step count: 7
[8421] -375, -18, 882
Step count: 8
[8442] -341, -30, 933
Step count: 8
[8463] -349, -29, 921
Step count: 8
[8483] -379, -3, 908
Step count: 8
[8504] -378, -13, 932
Step count: 8
[8524] -382, -32, 932
Step count: 8
[8545] -384, -38, 911
Step count: 8
[8566] -371, -57, 899
Step count: 8
[8586] -395, -63, 877
Step count: 8
[8607] -394, -45, 880
Step count: 8
[8627] -375, -54, 899
Step count: 8
[8648] -405, -68, 882
Step count: 8
[8669] -422, -67, 923
Step count: 8
[8689] -406, -86, 924
Step count: 8
[8710] -389, -67, 907
Step count: 8
[8730] -390, -44, 924
Step count: 8
[8751] -390, -38, 876
Step count: 8
[8772] -390, -20, 874
Step count: 8
[8792] -392, -43, 895
Step count: 8
[8813] -402, -79, 931
Step count: 8
[8833] -414, -84, 937
Step count: 8
[8854] -414, -65, 952
Step count: 8
[8875] -412, -47, 938
Step count: 8
[8895] -399, -24, 917
Step count: 8
[8916] -385, -57, 920
Step count: 8
[8936] -407, -37, 894
Step count: 8
[8957] -400, -62, 947
Step count: 8
[8978] -373, -80, 931
Step count: 8
[8998] -375, -54, 913
Step count: 8
[9019] -357, -38, 892
Step count: 8
